192.168.80.1 - - [12/Aug/2020:10:16:17 +0000] "GET / HTTP/1.1" 200 1251 "-" "Mozilla/5.0 (Windows NT 10.0; Win64; x64; rv:79.0) Gecko/20100101 Firefox/79.0"
192.168.80.1 - - [12/Aug/2020:10:17:10 +0000] "GET / HTTP/1.1" 200 1251 "-" "Mozilla/5.0 (Windows NT 10.0; Win64; x64; rv:79.0) Gecko/20100101 Firefox/79.0"
192.168.80.3 - - [12/Aug/2020:10:17:21 +0000] "GET / HTTP/1.1" 200 1216 "-" "axios/0.19.2"
192.168.80.3 - - [12/Aug/2020:10:18:10 +0000] "GET / HTTP/1.1" 200 1210 "-" "axios/0.19.2"
192.168.80.3 - - [12/Aug/2020:10:20:40 +0000] "GET / HTTP/1.1" 200 1071 "-" "axios/0.19.2"
192.168.80.1 - - [12/Aug/2020:10:20:55 +0000] "GET / HTTP/1.1" 200 1096 "-" "Mozilla/5.0 (Windows NT 10.0; Win64; x64; rv:79.0) Gecko/20100101 Firefox/79.0"
192.168.80.3 - - [12/Aug/2020:10:25:50 +0000] "GET / HTTP/1.1" 200 1082 "-" "axios/0.19.2"
192.168.80.3 - - [12/Aug/2020:10:35:37 +0000] "GET / HTTP/1.1" 200 1074 "-" "axios/0.19.2"
192.168.80.3 - - [12/Aug/2020:10:36:24 +0000] "GET / HTTP/1.1" 200 1076 "-" "axios/0.19.2"
192.168.80.3 - - [12/Aug/2020:10:36:33 +0000] "GET / HTTP/1.1" 200 1074 "-" "axios/0.19.2"
192.168.80.1 - - [12/Aug/2020:14:17:17 +0000] "GET / HTTP/1.1" 200 1098 "-" "Mozilla/5.0 (Windows NT 10.0; Win64; x64; rv:79.0) Gecko/20100101 Firefox/79.0"
192.168.80.7 - - [12/Aug/2020:14:23:10 +0000] "GET / HTTP/1.0" 200 1105 "-" "Mozilla/5.0 (Windows NT 10.0; Win64; x64; rv:79.0) Gecko/20100101 Firefox/79.0"
192.168.80.7 - - [12/Aug/2020:14:23:11 +0000] "GET /favicon.ico HTTP/1.0" 200 370477 "-" "Mozilla/5.0 (Windows NT 10.0; Win64; x64; rv:79.0) Gecko/20100101 Firefox/79.0"
192.168.80.6 - - [12/Aug/2020:14:23:22 +0000] "GET / HTTP/1.1" 200 1067 "-" "axios/0.19.2"
192.168.80.6 - - [12/Aug/2020:14:24:26 +0000] "GET / HTTP/1.1" 200 1065 "-" "axios/0.19.2"
192.168.80.7 - - [12/Aug/2020:14:24:58 +0000] "GET / HTTP/1.0" 200 1099 "-" "curl/7.52.1"
192.168.80.7 - - [12/Aug/2020:14:25:24 +0000] "GET / HTTP/1.0" 200 1112 "-" "Mozilla/5.0 (Windows NT 10.0; Win64; x64; rv:79.0) Gecko/20100101 Firefox/79.0"
192.168.80.7 - - [12/Aug/2020:14:25:31 +0000] "GET / HTTP/1.0" 200 1114 "-" "axios/0.19.2"
192.168.80.7 - - [12/Aug/2020:14:30:08 +0000] "GET / HTTP/1.0" 200 1110 "-" "Mozilla/5.0 (Windows NT 10.0; Win64; x64; rv:79.0) Gecko/20100101 Firefox/79.0"
192.168.80.7 - - [12/Aug/2020:14:30:22 +0000] "GET / HTTP/1.0" 200 1110 "-" "axios/0.19.2"
192.168.80.7 - - [12/Aug/2020:14:30:23 +0000] "GET / HTTP/1.0" 200 1114 "-" "axios/0.19.2"
192.168.80.7 - - [12/Aug/2020:14:31:37 +0000] "GET / HTTP/1.0" 200 1104 "-" "axios/0.19.2"
192.168.80.7 - - [12/Aug/2020:15:06:15 +0000] "GET / HTTP/1.0" 200 1108 "-" "axios/0.19.2"
192.168.80.3 - - [12/Aug/2020:15:12:26 +0000] "GET / HTTP/1.1" 200 1049 "-" "curl/7.52.1"
192.168.80.3 - - [12/Aug/2020:15:12:33 +0000] "GET / HTTP/1.1" 200 1049 "-" "curl/7.52.1"
192.168.80.7 - - [12/Aug/2020:15:13:37 +0000] "GET / HTTP/1.0" 200 1110 "-" "curl/7.52.1"
192.168.80.7 - - [12/Aug/2020:15:14:12 +0000] "GET / HTTP/1.0" 200 1108 "-" "Mozilla/5.0 (Windows NT 10.0; Win64; x64; rv:79.0) Gecko/20100101 Firefox/79.0"
192.168.80.7 - - [12/Aug/2020:15:14:24 +0000] "GET / HTTP/1.0" 200 1114 "-" "axios/0.19.2"
192.168.80.7 - - [12/Aug/2020:15:30:20 +0000] "GET /sockjs-node/info?t=1597246220427 HTTP/1.0" 404 1927 "http://localhost:8080/" "Mozilla/5.0 (Windows NT 10.0; Win64; x64; rv:79.0) Gecko/20100101 Firefox/79.0"
192.168.80.7 - - [12/Aug/2020:15:31:28 +0000] "GET /sockjs-node/info?t=1597246288640 HTTP/1.0" 404 1927 "http://localhost:8080/" "Mozilla/5.0 (Windows NT 10.0; Win64; x64; rv:79.0) Gecko/20100101 Firefox/79.0"
192.168.80.7 - - [12/Aug/2020:15:33:40 +0000] "GET /sockjs-node/info?t=1597246420437 HTTP/1.0" 404 1927 "http://localhost:8080/" "Mozilla/5.0 (Windows NT 10.0; Win64; x64; rv:79.0) Gecko/20100101 Firefox/79.0"
192.168.80.7 - - [12/Aug/2020:15:37:59 +0000] "GET /sockjs-node/info?t=1597246679928 HTTP/1.0" 404 1927 "http://localhost:8080/" "Mozilla/5.0 (Windows NT 10.0; Win64; x64; rv:79.0) Gecko/20100101 Firefox/79.0"
192.168.80.7 - - [12/Aug/2020:17:08:47 +0000] "GET / HTTP/1.0" 200 1106 "-" "axios/0.19.2"
192.168.80.7 - - [12/Aug/2020:17:09:53 +0000] "GET / HTTP/1.0" 200 1108 "-" "axios/0.19.2"
192.168.80.3 - - [12/Aug/2020:17:10:56 +0000] "GET / HTTP/1.1" 200 1051 "-" "curl/7.52.1"
192.168.80.1 - - [13/Aug/2020:10:46:29 +0000] "GET / HTTP/1.1" 200 1119 "-" "Mozilla/5.0 (Windows NT 10.0; Win64; x64; rv:79.0) Gecko/20100101 Firefox/79.0"
192.168.80.1 - - [13/Aug/2020:10:47:42 +0000] "GET / HTTP/1.1" 200 1107 "-" "Mozilla/5.0 (Windows NT 10.0; Win64; x64; rv:79.0) Gecko/20100101 Firefox/79.0"
192.168.80.1 - - [13/Aug/2020:10:48:34 +0000] "GET / HTTP/1.1" 200 1105 "-" "Mozilla/5.0 (Windows NT 10.0; Win64; x64; rv:79.0) Gecko/20100101 Firefox/79.0"
192.168.80.3 - - [13/Aug/2020:10:48:38 +0000] "GET / HTTP/1.1" 200 1072 "-" "axios/0.19.2"
192.168.80.3 - - [13/Aug/2020:10:50:04 +0000] "GET /api/noticias HTTP/1.1" 500 8286 "-" "axios/0.19.2"
192.168.80.1 - - [13/Aug/2020:10:50:47 +0000] "GET /api/noticias HTTP/1.1" 500 559410 "-" "Mozilla/5.0 (Windows NT 10.0; Win64; x64; rv:79.0) Gecko/20100101 Firefox/79.0"
192.168.80.1 - - [13/Aug/2020:10:51:06 +0000] "GET /api/noticias HTTP/1.1" 200 1097 "-" "Mozilla/5.0 (Windows NT 10.0; Win64; x64; rv:79.0) Gecko/20100101 Firefox/79.0"
192.168.80.3 - - [13/Aug/2020:10:51:12 +0000] "GET /api/noticias HTTP/1.1" 200 1054 "-" "axios/0.19.2"
192.168.80.3 - - [13/Aug/2020:10:51:31 +0000] "GET /api/noticias HTTP/1.1" 200 1046 "-" "axios/0.19.2"
192.168.80.3 - - [13/Aug/2020:10:51:51 +0000] "GET /api/noticias HTTP/1.1" 200 1054 "-" "axios/0.19.2"
192.168.80.3 - - [13/Aug/2020:10:54:31 +0000] "GET /api/noticias HTTP/1.1" 200 1048 "-" "axios/0.19.2"
192.168.80.3 - - [13/Aug/2020:10:55:37 +0000] "GET /api/noticias HTTP/1.1" 200 1050 "-" "axios/0.19.2"
192.168.80.3 - - [13/Aug/2020:14:06:11 +0000] "GET /api/noticias HTTP/1.1" 200 1046 "-" "axios/0.19.2"
192.168.80.3 - - [13/Aug/2020:14:06:11 +0000] "GET /api/noticias HTTP/1.1" 200 1046 "-" "axios/0.19.2"
192.168.80.7 - - [14/Aug/2020:08:43:11 +0000] "GET /_content/ws HTTP/1.0" 404 1927 "-" "Mozilla/5.0 (Windows NT 10.0; Win64; x64; rv:79.0) Gecko/20100101 Firefox/79.0"
192.168.80.7 - - [14/Aug/2020:08:43:16 +0000] "GET /__webpack_hmr/client HTTP/1.0" 404 1927 "http://localhost:8080/" "Mozilla/5.0 (Windows NT 10.0; Win64; x64; rv:79.0) Gecko/20100101 Firefox/79.0"
192.168.80.7 - - [14/Aug/2020:08:43:34 +0000] "GET /_content/ws HTTP/1.0" 404 1927 "-" "Mozilla/5.0 (Windows NT 10.0; Win64; x64; rv:79.0) Gecko/20100101 Firefox/79.0"
192.168.80.7 - - [14/Aug/2020:08:43:51 +0000] "GET /__webpack_hmr/client HTTP/1.0" 404 1927 "http://localhost:8080/" "Mozilla/5.0 (Windows NT 10.0; Win64; x64; rv:79.0) Gecko/20100101 Firefox/79.0"
192.168.80.7 - - [14/Aug/2020:08:43:53 +0000] "GET /_content/ws HTTP/1.0" 404 1927 "-" "Mozilla/5.0 (Windows NT 10.0; Win64; x64; rv:79.0) Gecko/20100101 Firefox/79.0"
192.168.80.7 - - [14/Aug/2020:08:44:21 +0000] "GET /__webpack_hmr/client HTTP/1.0" 404 1927 "http://localhost:8080/" "Mozilla/5.0 (Windows NT 10.0; Win64; x64; rv:79.0) Gecko/20100101 Firefox/79.0"
192.168.80.7 - - [14/Aug/2020:08:44:23 +0000] "GET /_content/ws HTTP/1.0" 404 1927 "-" "Mozilla/5.0 (Windows NT 10.0; Win64; x64; rv:79.0) Gecko/20100101 Firefox/79.0"
192.168.80.7 - - [14/Aug/2020:08:44:52 +0000] "GET /__webpack_hmr/client HTTP/1.0" 404 1927 "http://localhost:8080/" "Mozilla/5.0 (Windows NT 10.0; Win64; x64; rv:79.0) Gecko/20100101 Firefox/79.0"
192.168.80.7 - - [14/Aug/2020:08:45:06 +0000] "GET /_content/ws HTTP/1.0" 404 1927 "-" "Mozilla/5.0 (Windows NT 10.0; Win64; x64; rv:79.0) Gecko/20100101 Firefox/79.0"
192.168.80.7 - - [14/Aug/2020:08:45:22 +0000] "GET /__webpack_hmr/client HTTP/1.0" 404 1927 "http://localhost:8080/" "Mozilla/5.0 (Windows NT 10.0; Win64; x64; rv:79.0) Gecko/20100101 Firefox/79.0"
192.168.80.1 - - [14/Aug/2020:08:45:27 +0000] "GET / HTTP/1.1" 200 7407 "-" "Mozilla/5.0 (Windows NT 10.0; Win64; x64; rv:79.0) Gecko/20100101 Firefox/79.0"
192.168.80.1 - - [14/Aug/2020:08:45:29 +0000] "GET /js/functions.js HTTP/1.1" 200 617 "http://localhost:8001/" "Mozilla/5.0 (Windows NT 10.0; Win64; x64; rv:79.0) Gecko/20100101 Firefox/79.0"
192.168.80.1 - - [14/Aug/2020:08:45:29 +0000] "GET /css/template.css HTTP/1.1" 200 1486 "http://localhost:8001/" "Mozilla/5.0 (Windows NT 10.0; Win64; x64; rv:79.0) Gecko/20100101 Firefox/79.0"
192.168.80.1 - - [14/Aug/2020:08:45:35 +0000] "POST /noticias/datos?page=1 HTTP/1.1" 200 13427 "http://localhost:8001/" "Mozilla/5.0 (Windows NT 10.0; Win64; x64; rv:79.0) Gecko/20100101 Firefox/79.0"
192.168.80.1 - - [14/Aug/2020:08:45:37 +0000] "POST /noticias/datos?page=23 HTTP/1.1" 200 7123 "http://localhost:8001/" "Mozilla/5.0 (Windows NT 10.0; Win64; x64; rv:79.0) Gecko/20100101 Firefox/79.0"
192.168.80.1 - - [14/Aug/2020:08:45:42 +0000] "POST /noticias/datos?page=23 HTTP/1.1" 200 2410 "http://localhost:8001/" "Mozilla/5.0 (Windows NT 10.0; Win64; x64; rv:79.0) Gecko/20100101 Firefox/79.0"
192.168.80.1 - - [14/Aug/2020:08:45:44 +0000] "POST /noticias/datos?page=1 HTTP/1.1" 200 4907 "http://localhost:8001/" "Mozilla/5.0 (Windows NT 10.0; Win64; x64; rv:79.0) Gecko/20100101 Firefox/79.0"
192.168.80.1 - - [14/Aug/2020:08:45:47 +0000] "POST /noticias/markread HTTP/1.1" 200 1139 "http://localhost:8001/" "Mozilla/5.0 (Windows NT 10.0; Win64; x64; rv:79.0) Gecko/20100101 Firefox/79.0"
192.168.80.1 - - [14/Aug/2020:08:45:50 +0000] "POST /noticias/datos?page= HTTP/1.1" 200 7975 "http://localhost:8001/" "Mozilla/5.0 (Windows NT 10.0; Win64; x64; rv:79.0) Gecko/20100101 Firefox/79.0"
192.168.80.7 - - [14/Aug/2020:08:45:52 +0000] "GET /__webpack_hmr/client HTTP/1.0" 404 1927 "http://localhost:8080/" "Mozilla/5.0 (Windows NT 10.0; Win64; x64; rv:79.0) Gecko/20100101 Firefox/79.0"
192.168.80.1 - - [14/Aug/2020:08:45:53 +0000] "POST /noticias/datos?page=3 HTTP/1.1" 200 7302 "http://localhost:8001/" "Mozilla/5.0 (Windows NT 10.0; Win64; x64; rv:79.0) Gecko/20100101 Firefox/79.0"
192.168.80.1 - - [14/Aug/2020:08:45:56 +0000] "POST /noticias/markread HTTP/1.1" 200 1151 "http://localhost:8001/" "Mozilla/5.0 (Windows NT 10.0; Win64; x64; rv:79.0) Gecko/20100101 Firefox/79.0"
192.168.80.1 - - [14/Aug/2020:08:45:57 +0000] "POST /noticias/datos?page=2 HTTP/1.1" 200 8050 "http://localhost:8001/" "Mozilla/5.0 (Windows NT 10.0; Win64; x64; rv:79.0) Gecko/20100101 Firefox/79.0"
192.168.80.1 - - [14/Aug/2020:08:46:00 +0000] "POST /noticias/markread HTTP/1.1" 200 1163 "http://localhost:8001/" "Mozilla/5.0 (Windows NT 10.0; Win64; x64; rv:79.0) Gecko/20100101 Firefox/79.0"
192.168.80.1 - - [14/Aug/2020:08:46:01 +0000] "POST /noticias/datos?page=1 HTTP/1.1" 200 6578 "http://localhost:8001/" "Mozilla/5.0 (Windows NT 10.0; Win64; x64; rv:79.0) Gecko/20100101 Firefox/79.0"
192.168.80.1 - - [14/Aug/2020:08:46:04 +0000] "POST /noticias/markread HTTP/1.1" 200 1161 "http://localhost:8001/" "Mozilla/5.0 (Windows NT 10.0; Win64; x64; rv:79.0) Gecko/20100101 Firefox/79.0"
192.168.80.1 - - [14/Aug/2020:08:46:07 +0000] "POST /noticias/datos?page= HTTP/1.1" 200 9032 "http://localhost:8001/" "Mozilla/5.0 (Windows NT 10.0; Win64; x64; rv:79.0) Gecko/20100101 Firefox/79.0"
192.168.80.7 - - [14/Aug/2020:08:46:07 +0000] "GET /_content/ws HTTP/1.0" 404 1927 "-" "Mozilla/5.0 (Windows NT 10.0; Win64; x64; rv:79.0) Gecko/20100101 Firefox/79.0"
192.168.80.1 - - [14/Aug/2020:08:46:10 +0000] "POST /noticias/datos?page=2 HTTP/1.1" 200 6174 "http://localhost:8001/" "Mozilla/5.0 (Windows NT 10.0; Win64; x64; rv:79.0) Gecko/20100101 Firefox/79.0"
192.168.80.1 - - [14/Aug/2020:08:46:14 +0000] "POST /noticias/markread HTTP/1.1" 200 1127 "http://localhost:8001/" "Mozilla/5.0 (Windows NT 10.0; Win64; x64; rv:79.0) Gecko/20100101 Firefox/79.0"
192.168.80.1 - - [14/Aug/2020:08:46:15 +0000] "POST /noticias/datos?page=1 HTTP/1.1" 200 7851 "http://localhost:8001/" "Mozilla/5.0 (Windows NT 10.0; Win64; x64; rv:79.0) Gecko/20100101 Firefox/79.0"
192.168.80.1 - - [14/Aug/2020:08:46:18 +0000] "POST /noticias/markread HTTP/1.1" 200 1165 "http://localhost:8001/" "Mozilla/5.0 (Windows NT 10.0; Win64; x64; rv:79.0) Gecko/20100101 Firefox/79.0"
192.168.80.1 - - [14/Aug/2020:08:46:21 +0000] "POST /noticias/datos?page= HTTP/1.1" 200 12010 "http://localhost:8001/" "Mozilla/5.0 (Windows NT 10.0; Win64; x64; rv:79.0) Gecko/20100101 Firefox/79.0"
192.168.80.7 - - [14/Aug/2020:08:46:23 +0000] "GET /__webpack_hmr/client HTTP/1.0" 404 1927 "http://localhost:8080/" "Mozilla/5.0 (Windows NT 10.0; Win64; x64; rv:79.0) Gecko/20100101 Firefox/79.0"
192.168.80.1 - - [14/Aug/2020:08:46:23 +0000] "POST /noticias/datos?page=5 HTTP/1.1" 200 4243 "http://localhost:8001/" "Mozilla/5.0 (Windows NT 10.0; Win64; x64; rv:79.0) Gecko/20100101 Firefox/79.0"
192.168.80.1 - - [14/Aug/2020:08:46:26 +0000] "POST /noticias/markread HTTP/1.1" 200 1097 "http://localhost:8001/" "Mozilla/5.0 (Windows NT 10.0; Win64; x64; rv:79.0) Gecko/20100101 Firefox/79.0"
192.168.80.1 - - [14/Aug/2020:08:46:27 +0000] "POST /noticias/datos?page=4 HTTP/1.1" 200 9766 "http://localhost:8001/" "Mozilla/5.0 (Windows NT 10.0; Win64; x64; rv:79.0) Gecko/20100101 Firefox/79.0"
192.168.80.1 - - [14/Aug/2020:08:46:34 +0000] "POST /noticias/markread HTTP/1.1" 200 1158 "http://localhost:8001/" "Mozilla/5.0 (Windows NT 10.0; Win64; x64; rv:79.0) Gecko/20100101 Firefox/79.0"
192.168.80.1 - - [14/Aug/2020:08:46:46 +0000] "POST /noticias/datos?page=3 HTTP/1.1" 200 9743 "http://localhost:8001/" "Mozilla/5.0 (Windows NT 10.0; Win64; x64; rv:79.0) Gecko/20100101 Firefox/79.0"
192.168.80.1 - - [14/Aug/2020:08:46:50 +0000] "POST /noticias/markread HTTP/1.1" 200 1157 "http://localhost:8001/" "Mozilla/5.0 (Windows NT 10.0; Win64; x64; rv:79.0) Gecko/20100101 Firefox/79.0"
192.168.80.1 - - [14/Aug/2020:08:46:53 +0000] "POST /noticias/datos?page=2 HTTP/1.1" 200 7912 "http://localhost:8001/" "Mozilla/5.0 (Windows NT 10.0; Win64; x64; rv:79.0) Gecko/20100101 Firefox/79.0"
192.168.80.7 - - [14/Aug/2020:08:46:53 +0000] "GET /__webpack_hmr/client HTTP/1.0" 404 1927 "http://localhost:8080/" "Mozilla/5.0 (Windows NT 10.0; Win64; x64; rv:79.0) Gecko/20100101 Firefox/79.0"
192.168.80.1 - - [14/Aug/2020:08:47:03 +0000] "POST /noticias/markread HTTP/1.1" 200 1162 "http://localhost:8001/" "Mozilla/5.0 (Windows NT 10.0; Win64; x64; rv:79.0) Gecko/20100101 Firefox/79.0"
192.168.80.1 - - [14/Aug/2020:08:47:05 +0000] "POST /noticias/datos?page=1 HTTP/1.1" 200 10185 "http://localhost:8001/" "Mozilla/5.0 (Windows NT 10.0; Win64; x64; rv:79.0) Gecko/20100101 Firefox/79.0"
192.168.80.7 - - [14/Aug/2020:08:47:08 +0000] "GET /_content/ws HTTP/1.0" 404 1927 "-" "Mozilla/5.0 (Windows NT 10.0; Win64; x64; rv:79.0) Gecko/20100101 Firefox/79.0"
192.168.80.1 - - [14/Aug/2020:08:47:08 +0000] "POST /noticias/markread HTTP/1.1" 200 1161 "http://localhost:8001/" "Mozilla/5.0 (Windows NT 10.0; Win64; x64; rv:79.0) Gecko/20100101 Firefox/79.0"
192.168.80.1 - - [14/Aug/2020:08:47:10 +0000] "POST /noticias/datos?page= HTTP/1.1" 200 9670 "http://localhost:8001/" "Mozilla/5.0 (Windows NT 10.0; Win64; x64; rv:79.0) Gecko/20100101 Firefox/79.0"
192.168.80.1 - - [14/Aug/2020:08:47:14 +0000] "POST /noticias/datos?page=5 HTTP/1.1" 200 3784 "http://localhost:8001/" "Mozilla/5.0 (Windows NT 10.0; Win64; x64; rv:79.0) Gecko/20100101 Firefox/79.0"
192.168.80.7 - - [14/Aug/2020:08:47:23 +0000] "GET /__webpack_hmr/client HTTP/1.0" 404 1927 "http://localhost:8080/" "Mozilla/5.0 (Windows NT 10.0; Win64; x64; rv:79.0) Gecko/20100101 Firefox/79.0"
192.168.80.7 - - [14/Aug/2020:08:47:54 +0000] "GET /__webpack_hmr/client HTTP/1.0" 404 1927 "http://localhost:8080/" "Mozilla/5.0 (Windows NT 10.0; Win64; x64; rv:79.0) Gecko/20100101 Firefox/79.0"
192.168.80.7 - - [14/Aug/2020:08:48:08 +0000] "GET /_content/ws HTTP/1.0" 404 1927 "-" "Mozilla/5.0 (Windows NT 10.0; Win64; x64; rv:79.0) Gecko/20100101 Firefox/79.0"
192.168.80.7 - - [14/Aug/2020:08:48:24 +0000] "GET /__webpack_hmr/client HTTP/1.0" 404 1927 "http://localhost:8080/" "Mozilla/5.0 (Windows NT 10.0; Win64; x64; rv:79.0) Gecko/20100101 Firefox/79.0"
192.168.80.1 - - [14/Aug/2020:08:48:45 +0000] "POST /noticias/markread HTTP/1.1" 200 1085 "http://localhost:8001/" "Mozilla/5.0 (Windows NT 10.0; Win64; x64; rv:79.0) Gecko/20100101 Firefox/79.0"
192.168.80.1 - - [14/Aug/2020:08:48:46 +0000] "POST /noticias/datos?page=4 HTTP/1.1" 200 8427 "http://localhost:8001/" "Mozilla/5.0 (Windows NT 10.0; Win64; x64; rv:79.0) Gecko/20100101 Firefox/79.0"
192.168.80.7 - - [14/Aug/2020:08:48:54 +0000] "GET /__webpack_hmr/client HTTP/1.0" 404 1927 "http://localhost:8080/" "Mozilla/5.0 (Windows NT 10.0; Win64; x64; rv:79.0) Gecko/20100101 Firefox/79.0"
192.168.80.1 - - [14/Aug/2020:08:48:59 +0000] "POST /noticias/markread HTTP/1.1" 200 1166 "http://localhost:8001/" "Mozilla/5.0 (Windows NT 10.0; Win64; x64; rv:79.0) Gecko/20100101 Firefox/79.0"
192.168.80.1 - - [14/Aug/2020:08:49:00 +0000] "POST /noticias/datos?page=3 HTTP/1.1" 200 8471 "http://localhost:8001/" "Mozilla/5.0 (Windows NT 10.0; Win64; x64; rv:79.0) Gecko/20100101 Firefox/79.0"
192.168.80.1 - - [14/Aug/2020:08:49:08 +0000] "POST /noticias/markread HTTP/1.1" 200 1160 "http://localhost:8001/" "Mozilla/5.0 (Windows NT 10.0; Win64; x64; rv:79.0) Gecko/20100101 Firefox/79.0"
192.168.80.7 - - [14/Aug/2020:08:49:08 +0000] "GET /_content/ws HTTP/1.0" 404 1927 "-" "Mozilla/5.0 (Windows NT 10.0; Win64; x64; rv:79.0) Gecko/20100101 Firefox/79.0"
192.168.80.1 - - [14/Aug/2020:08:49:09 +0000] "POST /noticias/datos?page=2 HTTP/1.1" 200 8827 "http://localhost:8001/" "Mozilla/5.0 (Windows NT 10.0; Win64; x64; rv:79.0) Gecko/20100101 Firefox/79.0"
192.168.80.1 - - [14/Aug/2020:08:49:19 +0000] "POST /noticias/favorite HTTP/1.1" 200 1081 "http://localhost:8001/" "Mozilla/5.0 (Windows NT 10.0; Win64; x64; rv:79.0) Gecko/20100101 Firefox/79.0"
192.168.80.7 - - [14/Aug/2020:08:49:25 +0000] "GET /__webpack_hmr/client HTTP/1.0" 404 1927 "http://localhost:8080/" "Mozilla/5.0 (Windows NT 10.0; Win64; x64; rv:79.0) Gecko/20100101 Firefox/79.0"
192.168.80.1 - - [14/Aug/2020:08:49:28 +0000] "POST /noticias/markread HTTP/1.1" 200 1168 "http://localhost:8001/" "Mozilla/5.0 (Windows NT 10.0; Win64; x64; rv:79.0) Gecko/20100101 Firefox/79.0"
192.168.80.1 - - [14/Aug/2020:08:49:29 +0000] "POST /noticias/datos?page=1 HTTP/1.1" 200 7828 "http://localhost:8001/" "Mozilla/5.0 (Windows NT 10.0; Win64; x64; rv:79.0) Gecko/20100101 Firefox/79.0"
192.168.80.1 - - [14/Aug/2020:08:49:42 +0000] "POST /noticias/markread HTTP/1.1" 200 1160 "http://localhost:8001/" "Mozilla/5.0 (Windows NT 10.0; Win64; x64; rv:79.0) Gecko/20100101 Firefox/79.0"
192.168.80.1 - - [14/Aug/2020:08:49:45 +0000] "POST /noticias/datos?page= HTTP/1.1" 200 10454 "http://localhost:8001/" "Mozilla/5.0 (Windows NT 10.0; Win64; x64; rv:79.0) Gecko/20100101 Firefox/79.0"
192.168.80.7 - - [14/Aug/2020:08:49:55 +0000] "GET /__webpack_hmr/client HTTP/1.0" 404 1927 "http://localhost:8080/" "Mozilla/5.0 (Windows NT 10.0; Win64; x64; rv:79.0) Gecko/20100101 Firefox/79.0"
192.168.80.7 - - [14/Aug/2020:08:50:09 +0000] "GET /_content/ws HTTP/1.0" 404 1927 "-" "Mozilla/5.0 (Windows NT 10.0; Win64; x64; rv:79.0) Gecko/20100101 Firefox/79.0"
192.168.80.1 - - [14/Aug/2020:08:50:20 +0000] "POST /noticias/datos?page=9 HTTP/1.1" 200 9566 "http://localhost:8001/" "Mozilla/5.0 (Windows NT 10.0; Win64; x64; rv:79.0) Gecko/20100101 Firefox/79.0"
192.168.80.7 - - [14/Aug/2020:08:50:25 +0000] "GET /__webpack_hmr/client HTTP/1.0" 404 1927 "http://localhost:8080/" "Mozilla/5.0 (Windows NT 10.0; Win64; x64; rv:79.0) Gecko/20100101 Firefox/79.0"
192.168.80.1 - - [14/Aug/2020:08:50:37 +0000] "POST /noticias/markread HTTP/1.1" 200 1142 "http://localhost:8001/" "Mozilla/5.0 (Windows NT 10.0; Win64; x64; rv:79.0) Gecko/20100101 Firefox/79.0"
192.168.80.1 - - [14/Aug/2020:08:50:39 +0000] "POST /noticias/datos?page=8 HTTP/1.1" 200 10196 "http://localhost:8001/" "Mozilla/5.0 (Windows NT 10.0; Win64; x64; rv:79.0) Gecko/20100101 Firefox/79.0"
192.168.80.7 - - [14/Aug/2020:08:50:56 +0000] "GET /__webpack_hmr/client HTTP/1.0" 404 1927 "http://localhost:8080/" "Mozilla/5.0 (Windows NT 10.0; Win64; x64; rv:79.0) Gecko/20100101 Firefox/79.0"
192.168.80.7 - - [14/Aug/2020:08:51:09 +0000] "GET /_content/ws HTTP/1.0" 404 1927 "-" "Mozilla/5.0 (Windows NT 10.0; Win64; x64; rv:79.0) Gecko/20100101 Firefox/79.0"
192.168.80.1 - - [14/Aug/2020:08:51:19 +0000] "POST /noticias/markread HTTP/1.1" 200 1162 "http://localhost:8001/" "Mozilla/5.0 (Windows NT 10.0; Win64; x64; rv:79.0) Gecko/20100101 Firefox/79.0"
192.168.80.1 - - [14/Aug/2020:08:51:20 +0000] "POST /noticias/datos?page=7 HTTP/1.1" 200 11308 "http://localhost:8001/" "Mozilla/5.0 (Windows NT 10.0; Win64; x64; rv:79.0) Gecko/20100101 Firefox/79.0"
192.168.80.7 - - [14/Aug/2020:08:51:26 +0000] "GET /__webpack_hmr/client HTTP/1.0" 404 1927 "http://localhost:8080/" "Mozilla/5.0 (Windows NT 10.0; Win64; x64; rv:79.0) Gecko/20100101 Firefox/79.0"
192.168.80.1 - - [14/Aug/2020:08:51:27 +0000] "POST /noticias/markread HTTP/1.1" 200 1156 "http://localhost:8001/" "Mozilla/5.0 (Windows NT 10.0; Win64; x64; rv:79.0) Gecko/20100101 Firefox/79.0"
192.168.80.1 - - [14/Aug/2020:08:51:34 +0000] "POST /noticias/datos?page=6 HTTP/1.1" 200 10964 "http://localhost:8001/" "Mozilla/5.0 (Windows NT 10.0; Win64; x64; rv:79.0) Gecko/20100101 Firefox/79.0"
192.168.80.7 - - [14/Aug/2020:08:51:56 +0000] "GET /__webpack_hmr/client HTTP/1.0" 404 1927 "http://localhost:8080/" "Mozilla/5.0 (Windows NT 10.0; Win64; x64; rv:79.0) Gecko/20100101 Firefox/79.0"
192.168.80.7 - - [14/Aug/2020:08:52:09 +0000] "GET /_content/ws HTTP/1.0" 404 1927 "-" "Mozilla/5.0 (Windows NT 10.0; Win64; x64; rv:79.0) Gecko/20100101 Firefox/79.0"
192.168.80.7 - - [14/Aug/2020:08:52:30 +0000] "GET /__webpack_hmr/client HTTP/1.0" 404 1927 "http://localhost:8080/" "Mozilla/5.0 (Windows NT 10.0; Win64; x64; rv:79.0) Gecko/20100101 Firefox/79.0"
192.168.80.1 - - [14/Aug/2020:08:52:47 +0000] "POST /noticias/markread HTTP/1.1" 200 1158 "http://localhost:8001/" "Mozilla/5.0 (Windows NT 10.0; Win64; x64; rv:79.0) Gecko/20100101 Firefox/79.0"
192.168.80.1 - - [14/Aug/2020:08:52:49 +0000] "POST /noticias/datos?page=5 HTTP/1.1" 200 10838 "http://localhost:8001/" "Mozilla/5.0 (Windows NT 10.0; Win64; x64; rv:79.0) Gecko/20100101 Firefox/79.0"
192.168.80.7 - - [14/Aug/2020:08:53:00 +0000] "GET /__webpack_hmr/client HTTP/1.0" 404 1927 "http://localhost:8080/" "Mozilla/5.0 (Windows NT 10.0; Win64; x64; rv:79.0) Gecko/20100101 Firefox/79.0"
192.168.80.1 - - [14/Aug/2020:08:53:06 +0000] "POST /noticias/markread HTTP/1.1" 200 1162 "http://localhost:8001/" "Mozilla/5.0 (Windows NT 10.0; Win64; x64; rv:79.0) Gecko/20100101 Firefox/79.0"
192.168.80.1 - - [14/Aug/2020:08:53:08 +0000] "POST /noticias/datos?page=4 HTTP/1.1" 200 9578 "http://localhost:8001/" "Mozilla/5.0 (Windows NT 10.0; Win64; x64; rv:79.0) Gecko/20100101 Firefox/79.0"
192.168.80.7 - - [14/Aug/2020:08:53:10 +0000] "GET /_content/ws HTTP/1.0" 404 1927 "-" "Mozilla/5.0 (Windows NT 10.0; Win64; x64; rv:79.0) Gecko/20100101 Firefox/79.0"
192.168.80.7 - - [14/Aug/2020:08:53:31 +0000] "GET /__webpack_hmr/client HTTP/1.0" 404 1927 "http://localhost:8080/" "Mozilla/5.0 (Windows NT 10.0; Win64; x64; rv:79.0) Gecko/20100101 Firefox/79.0"
192.168.80.7 - - [14/Aug/2020:08:54:01 +0000] "GET /__webpack_hmr/client HTTP/1.0" 404 1927 "http://localhost:8080/" "Mozilla/5.0 (Windows NT 10.0; Win64; x64; rv:79.0) Gecko/20100101 Firefox/79.0"
192.168.80.7 - - [14/Aug/2020:08:54:10 +0000] "GET /_content/ws HTTP/1.0" 404 1927 "-" "Mozilla/5.0 (Windows NT 10.0; Win64; x64; rv:79.0) Gecko/20100101 Firefox/79.0"
192.168.80.7 - - [14/Aug/2020:08:54:32 +0000] "GET /__webpack_hmr/client HTTP/1.0" 404 1927 "http://localhost:8080/" "Mozilla/5.0 (Windows NT 10.0; Win64; x64; rv:79.0) Gecko/20100101 Firefox/79.0"
192.168.80.1 - - [14/Aug/2020:08:54:40 +0000] "POST /noticias/markread HTTP/1.1" 200 1160 "http://localhost:8001/" "Mozilla/5.0 (Windows NT 10.0; Win64; x64; rv:79.0) Gecko/20100101 Firefox/79.0"
192.168.80.1 - - [14/Aug/2020:08:54:46 +0000] "POST /noticias/datos?page=3 HTTP/1.1" 200 8789 "http://localhost:8001/" "Mozilla/5.0 (Windows NT 10.0; Win64; x64; rv:79.0) Gecko/20100101 Firefox/79.0"
192.168.80.1 - - [14/Aug/2020:08:54:58 +0000] "POST /noticias/markread HTTP/1.1" 200 1164 "http://localhost:8001/" "Mozilla/5.0 (Windows NT 10.0; Win64; x64; rv:79.0) Gecko/20100101 Firefox/79.0"
192.168.80.1 - - [14/Aug/2020:08:54:59 +0000] "POST /noticias/datos?page=2 HTTP/1.1" 200 9110 "http://localhost:8001/" "Mozilla/5.0 (Windows NT 10.0; Win64; x64; rv:79.0) Gecko/20100101 Firefox/79.0"
192.168.80.7 - - [14/Aug/2020:08:55:02 +0000] "GET /__webpack_hmr/client HTTP/1.0" 404 1927 "http://localhost:8080/" "Mozilla/5.0 (Windows NT 10.0; Win64; x64; rv:79.0) Gecko/20100101 Firefox/79.0"
192.168.80.7 - - [14/Aug/2020:08:55:11 +0000] "GET /_content/ws HTTP/1.0" 404 1927 "-" "Mozilla/5.0 (Windows NT 10.0; Win64; x64; rv:79.0) Gecko/20100101 Firefox/79.0"
192.168.80.1 - - [14/Aug/2020:08:55:13 +0000] "POST /noticias/markread HTTP/1.1" 200 1160 "http://localhost:8001/" "Mozilla/5.0 (Windows NT 10.0; Win64; x64; rv:79.0) Gecko/20100101 Firefox/79.0"
192.168.80.7 - - [14/Aug/2020:08:55:32 +0000] "GET /__webpack_hmr/client HTTP/1.0" 404 1927 "http://localhost:8080/" "Mozilla/5.0 (Windows NT 10.0; Win64; x64; rv:79.0) Gecko/20100101 Firefox/79.0"
192.168.80.1 - - [14/Aug/2020:08:55:52 +0000] "POST /noticias/datos?page=1 HTTP/1.1" 200 7759 "http://localhost:8001/" "Mozilla/5.0 (Windows NT 10.0; Win64; x64; rv:79.0) Gecko/20100101 Firefox/79.0"
192.168.80.1 - - [14/Aug/2020:08:56:00 +0000] "POST /noticias/markread HTTP/1.1" 200 1160 "http://localhost:8001/" "Mozilla/5.0 (Windows NT 10.0; Win64; x64; rv:79.0) Gecko/20100101 Firefox/79.0"
192.168.80.7 - - [14/Aug/2020:08:56:03 +0000] "GET /__webpack_hmr/client HTTP/1.0" 404 1927 "http://localhost:8080/" "Mozilla/5.0 (Windows NT 10.0; Win64; x64; rv:79.0) Gecko/20100101 Firefox/79.0"
192.168.80.1 - - [14/Aug/2020:08:56:05 +0000] "POST /noticias/datos?page= HTTP/1.1" 200 10571 "http://localhost:8001/" "Mozilla/5.0 (Windows NT 10.0; Win64; x64; rv:79.0) Gecko/20100101 Firefox/79.0"
192.168.80.1 - - [14/Aug/2020:08:56:07 +0000] "POST /noticias/datos?page=8 HTTP/1.1" 200 5880 "http://localhost:8001/" "Mozilla/5.0 (Windows NT 10.0; Win64; x64; rv:79.0) Gecko/20100101 Firefox/79.0"
192.168.80.7 - - [14/Aug/2020:08:56:11 +0000] "GET /_content/ws HTTP/1.0" 404 1927 "-" "Mozilla/5.0 (Windows NT 10.0; Win64; x64; rv:79.0) Gecko/20100101 Firefox/79.0"
192.168.80.1 - - [14/Aug/2020:08:56:27 +0000] "POST /noticias/markread HTTP/1.1" 200 1104 "http://localhost:8001/" "Mozilla/5.0 (Windows NT 10.0; Win64; x64; rv:79.0) Gecko/20100101 Firefox/79.0"
192.168.80.1 - - [14/Aug/2020:08:56:28 +0000] "POST /noticias/datos?page=7 HTTP/1.1" 200 10699 "http://localhost:8001/" "Mozilla/5.0 (Windows NT 10.0; Win64; x64; rv:79.0) Gecko/20100101 Firefox/79.0"
192.168.80.7 - - [14/Aug/2020:08:56:33 +0000] "GET /__webpack_hmr/client HTTP/1.0" 404 1927 "http://localhost:8080/" "Mozilla/5.0 (Windows NT 10.0; Win64; x64; rv:79.0) Gecko/20100101 Firefox/79.0"
192.168.80.1 - - [14/Aug/2020:08:56:40 +0000] "POST /noticias/markread HTTP/1.1" 200 1164 "http://localhost:8001/" "Mozilla/5.0 (Windows NT 10.0; Win64; x64; rv:79.0) Gecko/20100101 Firefox/79.0"
192.168.80.1 - - [14/Aug/2020:08:56:42 +0000] "POST /noticias/datos?page=6 HTTP/1.1" 200 11138 "http://localhost:8001/" "Mozilla/5.0 (Windows NT 10.0; Win64; x64; rv:79.0) Gecko/20100101 Firefox/79.0"
192.168.80.1 - - [14/Aug/2020:08:56:53 +0000] "POST /noticias/markread HTTP/1.1" 200 1164 "http://localhost:8001/" "Mozilla/5.0 (Windows NT 10.0; Win64; x64; rv:79.0) Gecko/20100101 Firefox/79.0"
192.168.80.1 - - [14/Aug/2020:08:56:57 +0000] "POST /noticias/datos?page=5 HTTP/1.1" 200 11036 "http://localhost:8001/" "Mozilla/5.0 (Windows NT 10.0; Win64; x64; rv:79.0) Gecko/20100101 Firefox/79.0"
192.168.80.7 - - [14/Aug/2020:08:57:03 +0000] "GET /__webpack_hmr/client HTTP/1.0" 404 1927 "http://localhost:8080/" "Mozilla/5.0 (Windows NT 10.0; Win64; x64; rv:79.0) Gecko/20100101 Firefox/79.0"
192.168.80.7 - - [14/Aug/2020:08:57:11 +0000] "GET /_content/ws HTTP/1.0" 404 1927 "-" "Mozilla/5.0 (Windows NT 10.0; Win64; x64; rv:79.0) Gecko/20100101 Firefox/79.0"
192.168.80.1 - - [14/Aug/2020:08:57:16 +0000] "POST /noticias/markread HTTP/1.1" 200 1158 "http://localhost:8001/" "Mozilla/5.0 (Windows NT 10.0; Win64; x64; rv:79.0) Gecko/20100101 Firefox/79.0"
192.168.80.1 - - [14/Aug/2020:08:57:18 +0000] "POST /noticias/datos?page=4 HTTP/1.1" 200 9556 "http://localhost:8001/" "Mozilla/5.0 (Windows NT 10.0; Win64; x64; rv:79.0) Gecko/20100101 Firefox/79.0"
192.168.80.7 - - [14/Aug/2020:08:57:33 +0000] "GET /__webpack_hmr/client HTTP/1.0" 404 1927 "http://localhost:8080/" "Mozilla/5.0 (Windows NT 10.0; Win64; x64; rv:79.0) Gecko/20100101 Firefox/79.0"
192.168.80.7 - - [14/Aug/2020:08:58:04 +0000] "GET /__webpack_hmr/client HTTP/1.0" 404 1927 "http://localhost:8080/" "Mozilla/5.0 (Windows NT 10.0; Win64; x64; rv:79.0) Gecko/20100101 Firefox/79.0"
192.168.80.1 - - [14/Aug/2020:08:58:05 +0000] "POST /noticias/markread HTTP/1.1" 200 1158 "http://localhost:8001/" "Mozilla/5.0 (Windows NT 10.0; Win64; x64; rv:79.0) Gecko/20100101 Firefox/79.0"
192.168.80.1 - - [14/Aug/2020:08:58:06 +0000] "POST /noticias/datos?page=3 HTTP/1.1" 200 9483 "http://localhost:8001/" "Mozilla/5.0 (Windows NT 10.0; Win64; x64; rv:79.0) Gecko/20100101 Firefox/79.0"
192.168.80.7 - - [14/Aug/2020:08:58:12 +0000] "GET /_content/ws HTTP/1.0" 404 1927 "-" "Mozilla/5.0 (Windows NT 10.0; Win64; x64; rv:79.0) Gecko/20100101 Firefox/79.0"
192.168.80.1 - - [14/Aug/2020:08:58:30 +0000] "POST /noticias/markread HTTP/1.1" 200 1162 "http://localhost:8001/" "Mozilla/5.0 (Windows NT 10.0; Win64; x64; rv:79.0) Gecko/20100101 Firefox/79.0"
192.168.80.1 - - [14/Aug/2020:08:58:31 +0000] "POST /noticias/datos?page=2 HTTP/1.1" 200 8612 "http://localhost:8001/" "Mozilla/5.0 (Windows NT 10.0; Win64; x64; rv:79.0) Gecko/20100101 Firefox/79.0"
192.168.80.7 - - [14/Aug/2020:08:58:34 +0000] "GET /__webpack_hmr/client HTTP/1.0" 404 1927 "http://localhost:8080/" "Mozilla/5.0 (Windows NT 10.0; Win64; x64; rv:79.0) Gecko/20100101 Firefox/79.0"
192.168.80.1 - - [14/Aug/2020:08:58:54 +0000] "POST /noticias/markread HTTP/1.1" 200 1164 "http://localhost:8001/" "Mozilla/5.0 (Windows NT 10.0; Win64; x64; rv:79.0) Gecko/20100101 Firefox/79.0"
192.168.80.1 - - [14/Aug/2020:08:58:56 +0000] "POST /noticias/datos?page=1 HTTP/1.1" 200 8077 "http://localhost:8001/" "Mozilla/5.0 (Windows NT 10.0; Win64; x64; rv:79.0) Gecko/20100101 Firefox/79.0"
192.168.80.7 - - [14/Aug/2020:08:59:04 +0000] "GET /__webpack_hmr/client HTTP/1.0" 404 1927 "http://localhost:8080/" "Mozilla/5.0 (Windows NT 10.0; Win64; x64; rv:79.0) Gecko/20100101 Firefox/79.0"
192.168.80.1 - - [14/Aug/2020:08:59:12 +0000] "POST /noticias/markread HTTP/1.1" 200 1160 "http://localhost:8001/" "Mozilla/5.0 (Windows NT 10.0; Win64; x64; rv:79.0) Gecko/20100101 Firefox/79.0"
192.168.80.7 - - [14/Aug/2020:08:59:12 +0000] "GET /_content/ws HTTP/1.0" 404 1927 "-" "Mozilla/5.0 (Windows NT 10.0; Win64; x64; rv:79.0) Gecko/20100101 Firefox/79.0"
192.168.80.1 - - [14/Aug/2020:08:59:15 +0000] "POST /noticias/datos?page= HTTP/1.1" 200 8810 "http://localhost:8001/" "Mozilla/5.0 (Windows NT 10.0; Win64; x64; rv:79.0) Gecko/20100101 Firefox/79.0"
192.168.80.1 - - [14/Aug/2020:08:59:17 +0000] "POST /noticias/datos?page=2 HTTP/1.1" 200 8366 "http://localhost:8001/" "Mozilla/5.0 (Windows NT 10.0; Win64; x64; rv:79.0) Gecko/20100101 Firefox/79.0"
192.168.80.1 - - [14/Aug/2020:08:59:20 +0000] "POST /noticias/markread HTTP/1.1" 200 1161 "http://localhost:8001/" "Mozilla/5.0 (Windows NT 10.0; Win64; x64; rv:79.0) Gecko/20100101 Firefox/79.0"
192.168.80.1 - - [14/Aug/2020:08:59:21 +0000] "POST /noticias/datos?page=1 HTTP/1.1" 200 7633 "http://localhost:8001/" "Mozilla/5.0 (Windows NT 10.0; Win64; x64; rv:79.0) Gecko/20100101 Firefox/79.0"
192.168.80.1 - - [14/Aug/2020:08:59:24 +0000] "POST /noticias/markread HTTP/1.1" 200 1171 "http://localhost:8001/" "Mozilla/5.0 (Windows NT 10.0; Win64; x64; rv:79.0) Gecko/20100101 Firefox/79.0"
192.168.80.1 - - [14/Aug/2020:08:59:26 +0000] "POST /noticias/datos?page= HTTP/1.1" 200 8010 "http://localhost:8001/" "Mozilla/5.0 (Windows NT 10.0; Win64; x64; rv:79.0) Gecko/20100101 Firefox/79.0"
192.168.80.1 - - [14/Aug/2020:08:59:29 +0000] "POST /noticias/datos?page=2 HTTP/1.1" 200 8129 "http://localhost:8001/" "Mozilla/5.0 (Windows NT 10.0; Win64; x64; rv:79.0) Gecko/20100101 Firefox/79.0"
192.168.80.1 - - [14/Aug/2020:08:59:33 +0000] "POST /noticias/markread HTTP/1.1" 200 1163 "http://localhost:8001/" "Mozilla/5.0 (Windows NT 10.0; Win64; x64; rv:79.0) Gecko/20100101 Firefox/79.0"
192.168.80.1 - - [14/Aug/2020:08:59:34 +0000] "POST /noticias/datos?page=1 HTTP/1.1" 200 6823 "http://localhost:8001/" "Mozilla/5.0 (Windows NT 10.0; Win64; x64; rv:79.0) Gecko/20100101 Firefox/79.0"
192.168.80.7 - - [14/Aug/2020:08:59:35 +0000] "GET /__webpack_hmr/client HTTP/1.0" 404 1927 "http://localhost:8080/" "Mozilla/5.0 (Windows NT 10.0; Win64; x64; rv:79.0) Gecko/20100101 Firefox/79.0"
192.168.80.1 - - [14/Aug/2020:08:59:37 +0000] "POST /noticias/markread HTTP/1.1" 200 1163 "http://localhost:8001/" "Mozilla/5.0 (Windows NT 10.0; Win64; x64; rv:79.0) Gecko/20100101 Firefox/79.0"
192.168.80.1 - - [14/Aug/2020:08:59:39 +0000] "POST /noticias/datos?page= HTTP/1.1" 200 8236 "http://localhost:8001/" "Mozilla/5.0 (Windows NT 10.0; Win64; x64; rv:79.0) Gecko/20100101 Firefox/79.0"
192.168.80.1 - - [14/Aug/2020:08:59:41 +0000] "POST /noticias/datos?page=3 HTTP/1.1" 200 5533 "http://localhost:8001/" "Mozilla/5.0 (Windows NT 10.0; Win64; x64; rv:79.0) Gecko/20100101 Firefox/79.0"
192.168.80.1 - - [14/Aug/2020:08:59:43 +0000] "POST /noticias/markread HTTP/1.1" 200 1135 "http://localhost:8001/" "Mozilla/5.0 (Windows NT 10.0; Win64; x64; rv:79.0) Gecko/20100101 Firefox/79.0"
192.168.80.1 - - [14/Aug/2020:08:59:44 +0000] "POST /noticias/datos?page=2 HTTP/1.1" 200 7939 "http://localhost:8001/" "Mozilla/5.0 (Windows NT 10.0; Win64; x64; rv:79.0) Gecko/20100101 Firefox/79.0"
192.168.80.1 - - [14/Aug/2020:08:59:47 +0000] "POST /noticias/markread HTTP/1.1" 200 1155 "http://localhost:8001/" "Mozilla/5.0 (Windows NT 10.0; Win64; x64; rv:79.0) Gecko/20100101 Firefox/79.0"
192.168.80.1 - - [14/Aug/2020:08:59:48 +0000] "POST /noticias/datos?page=1 HTTP/1.1" 200 6843 "http://localhost:8001/" "Mozilla/5.0 (Windows NT 10.0; Win64; x64; rv:79.0) Gecko/20100101 Firefox/79.0"
192.168.80.1 - - [14/Aug/2020:08:59:51 +0000] "POST /noticias/markread HTTP/1.1" 200 1157 "http://localhost:8001/" "Mozilla/5.0 (Windows NT 10.0; Win64; x64; rv:79.0) Gecko/20100101 Firefox/79.0"
192.168.80.1 - - [14/Aug/2020:08:59:56 +0000] "POST /noticias/datos?page= HTTP/1.1" 200 9494 "http://localhost:8001/" "Mozilla/5.0 (Windows NT 10.0; Win64; x64; rv:79.0) Gecko/20100101 Firefox/79.0"
192.168.80.1 - - [14/Aug/2020:09:00:01 +0000] "POST /noticias/datos?page=3 HTTP/1.1" 200 6564 "http://localhost:8001/" "Mozilla/5.0 (Windows NT 10.0; Win64; x64; rv:79.0) Gecko/20100101 Firefox/79.0"
192.168.80.7 - - [14/Aug/2020:09:00:05 +0000] "GET /__webpack_hmr/client HTTP/1.0" 404 1927 "http://localhost:8080/" "Mozilla/5.0 (Windows NT 10.0; Win64; x64; rv:79.0) Gecko/20100101 Firefox/79.0"
192.168.80.1 - - [14/Aug/2020:09:00:05 +0000] "POST /noticias/markread HTTP/1.1" 200 1135 "http://localhost:8001/" "Mozilla/5.0 (Windows NT 10.0; Win64; x64; rv:79.0) Gecko/20100101 Firefox/79.0"
192.168.80.1 - - [14/Aug/2020:09:00:06 +0000] "POST /noticias/datos?page=2 HTTP/1.1" 200 8393 "http://localhost:8001/" "Mozilla/5.0 (Windows NT 10.0; Win64; x64; rv:79.0) Gecko/20100101 Firefox/79.0"
192.168.80.7 - - [14/Aug/2020:09:00:12 +0000] "GET /_content/ws HTTP/1.0" 404 1927 "-" "Mozilla/5.0 (Windows NT 10.0; Win64; x64; rv:79.0) Gecko/20100101 Firefox/79.0"
192.168.80.1 - - [14/Aug/2020:09:00:14 +0000] "POST /noticias/markread HTTP/1.1" 200 1158 "http://localhost:8001/" "Mozilla/5.0 (Windows NT 10.0; Win64; x64; rv:79.0) Gecko/20100101 Firefox/79.0"
192.168.80.1 - - [14/Aug/2020:09:00:18 +0000] "POST /noticias/datos?page=1 HTTP/1.1" 200 8070 "http://localhost:8001/" "Mozilla/5.0 (Windows NT 10.0; Win64; x64; rv:79.0) Gecko/20100101 Firefox/79.0"
192.168.80.1 - - [14/Aug/2020:09:00:31 +0000] "POST /noticias/markread HTTP/1.1" 200 1162 "http://localhost:8001/" "Mozilla/5.0 (Windows NT 10.0; Win64; x64; rv:79.0) Gecko/20100101 Firefox/79.0"
192.168.80.1 - - [14/Aug/2020:09:00:34 +0000] "POST /noticias/datos?page= HTTP/1.1" 200 12048 "http://localhost:8001/" "Mozilla/5.0 (Windows NT 10.0; Win64; x64; rv:79.0) Gecko/20100101 Firefox/79.0"
192.168.80.7 - - [14/Aug/2020:09:00:35 +0000] "GET /__webpack_hmr/client HTTP/1.0" 404 1927 "http://localhost:8080/" "Mozilla/5.0 (Windows NT 10.0; Win64; x64; rv:79.0) Gecko/20100101 Firefox/79.0"
192.168.80.1 - - [14/Aug/2020:09:00:36 +0000] "POST /noticias/datos?page=5 HTTP/1.1" 200 5782 "http://localhost:8001/" "Mozilla/5.0 (Windows NT 10.0; Win64; x64; rv:79.0) Gecko/20100101 Firefox/79.0"
192.168.80.7 - - [14/Aug/2020:09:01:06 +0000] "GET /__webpack_hmr/client HTTP/1.0" 404 1927 "http://localhost:8080/" "Mozilla/5.0 (Windows NT 10.0; Win64; x64; rv:79.0) Gecko/20100101 Firefox/79.0"
192.168.80.7 - - [14/Aug/2020:09:01:13 +0000] "GET /_content/ws HTTP/1.0" 404 1927 "-" "Mozilla/5.0 (Windows NT 10.0; Win64; x64; rv:79.0) Gecko/20100101 Firefox/79.0"
192.168.80.1 - - [14/Aug/2020:09:01:14 +0000] "POST /noticias/markread HTTP/1.1" 200 1114 "http://localhost:8001/" "Mozilla/5.0 (Windows NT 10.0; Win64; x64; rv:79.0) Gecko/20100101 Firefox/79.0"
192.168.80.1 - - [14/Aug/2020:09:01:15 +0000] "POST /noticias/datos?page=4 HTTP/1.1" 200 10130 "http://localhost:8001/" "Mozilla/5.0 (Windows NT 10.0; Win64; x64; rv:79.0) Gecko/20100101 Firefox/79.0"
192.168.80.7 - - [14/Aug/2020:09:01:36 +0000] "GET /__webpack_hmr/client HTTP/1.0" 404 1927 "http://localhost:8080/" "Mozilla/5.0 (Windows NT 10.0; Win64; x64; rv:79.0) Gecko/20100101 Firefox/79.0"
192.168.80.1 - - [14/Aug/2020:09:01:56 +0000] "POST /noticias/markread HTTP/1.1" 200 1160 "http://localhost:8001/" "Mozilla/5.0 (Windows NT 10.0; Win64; x64; rv:79.0) Gecko/20100101 Firefox/79.0"
192.168.80.1 - - [14/Aug/2020:09:01:57 +0000] "POST /noticias/datos?page=3 HTTP/1.1" 200 10030 "http://localhost:8001/" "Mozilla/5.0 (Windows NT 10.0; Win64; x64; rv:79.0) Gecko/20100101 Firefox/79.0"
192.168.80.7 - - [14/Aug/2020:09:02:07 +0000] "GET /__webpack_hmr/client HTTP/1.0" 404 1927 "http://localhost:8080/" "Mozilla/5.0 (Windows NT 10.0; Win64; x64; rv:79.0) Gecko/20100101 Firefox/79.0"
192.168.80.1 - - [14/Aug/2020:09:02:12 +0000] "POST /noticias/markread HTTP/1.1" 200 1162 "http://localhost:8001/" "Mozilla/5.0 (Windows NT 10.0; Win64; x64; rv:79.0) Gecko/20100101 Firefox/79.0"
192.168.80.7 - - [14/Aug/2020:09:02:13 +0000] "GET /_content/ws HTTP/1.0" 404 1927 "-" "Mozilla/5.0 (Windows NT 10.0; Win64; x64; rv:79.0) Gecko/20100101 Firefox/79.0"
192.168.80.1 - - [14/Aug/2020:09:02:14 +0000] "POST /noticias/datos?page=2 HTTP/1.1" 200 7899 "http://localhost:8001/" "Mozilla/5.0 (Windows NT 10.0; Win64; x64; rv:79.0) Gecko/20100101 Firefox/79.0"
192.168.80.1 - - [14/Aug/2020:09:02:30 +0000] "POST /noticias/markread HTTP/1.1" 200 1158 "http://localhost:8001/" "Mozilla/5.0 (Windows NT 10.0; Win64; x64; rv:79.0) Gecko/20100101 Firefox/79.0"
192.168.80.1 - - [14/Aug/2020:09:02:31 +0000] "POST /noticias/datos?page=1 HTTP/1.1" 200 10217 "http://localhost:8001/" "Mozilla/5.0 (Windows NT 10.0; Win64; x64; rv:79.0) Gecko/20100101 Firefox/79.0"
192.168.80.7 - - [14/Aug/2020:09:02:37 +0000] "GET /__webpack_hmr/client HTTP/1.0" 404 1927 "http://localhost:8080/" "Mozilla/5.0 (Windows NT 10.0; Win64; x64; rv:79.0) Gecko/20100101 Firefox/79.0"
192.168.80.1 - - [14/Aug/2020:09:02:38 +0000] "POST /noticias/markread HTTP/1.1" 200 1162 "http://localhost:8001/" "Mozilla/5.0 (Windows NT 10.0; Win64; x64; rv:79.0) Gecko/20100101 Firefox/79.0"
192.168.80.1 - - [14/Aug/2020:09:02:55 +0000] "POST /noticias/datos?page= HTTP/1.1" 200 1412 "http://localhost:8001/" "Mozilla/5.0 (Windows NT 10.0; Win64; x64; rv:79.0) Gecko/20100101 Firefox/79.0"
192.168.80.7 - - [14/Aug/2020:09:03:08 +0000] "GET /__webpack_hmr/client HTTP/1.0" 404 1927 "http://localhost:8080/" "Mozilla/5.0 (Windows NT 10.0; Win64; x64; rv:79.0) Gecko/20100101 Firefox/79.0"
192.168.80.7 - - [14/Aug/2020:09:03:13 +0000] "GET /_content/ws HTTP/1.0" 404 1927 "-" "Mozilla/5.0 (Windows NT 10.0; Win64; x64; rv:79.0) Gecko/20100101 Firefox/79.0"
192.168.80.7 - - [14/Aug/2020:09:03:38 +0000] "GET /__webpack_hmr/client HTTP/1.0" 404 1927 "http://localhost:8080/" "Mozilla/5.0 (Windows NT 10.0; Win64; x64; rv:79.0) Gecko/20100101 Firefox/79.0"
192.168.80.1 - - [14/Aug/2020:09:32:51 +0000] "GET / HTTP/1.1" 200 7417 "-" "Mozilla/5.0 (Windows NT 10.0; Win64; x64; rv:79.0) Gecko/20100101 Firefox/79.0"
192.168.80.1 - - [14/Aug/2020:09:32:52 +0000] "GET /js/functions.js HTTP/1.1" 200 617 "http://localhost:8001/" "Mozilla/5.0 (Windows NT 10.0; Win64; x64; rv:79.0) Gecko/20100101 Firefox/79.0"
192.168.80.1 - - [14/Aug/2020:09:32:52 +0000] "GET /css/template.css HTTP/1.1" 200 1486 "http://localhost:8001/" "Mozilla/5.0 (Windows NT 10.0; Win64; x64; rv:79.0) Gecko/20100101 Firefox/79.0"
192.168.80.1 - - [14/Aug/2020:09:33:14 +0000] "POST /noticias/datos?page=1 HTTP/1.1" 200 13457 "http://localhost:8001/" "Mozilla/5.0 (Windows NT 10.0; Win64; x64; rv:79.0) Gecko/20100101 Firefox/79.0"
192.168.80.1 - - [14/Aug/2020:09:33:18 +0000] "POST /noticias/datos?page=1 HTTP/1.1" 200 1411 "http://localhost:8001/" "Mozilla/5.0 (Windows NT 10.0; Win64; x64; rv:79.0) Gecko/20100101 Firefox/79.0"
192.168.80.1 - - [14/Aug/2020:09:33:23 +0000] "POST /noticias/datos?page=1 HTTP/1.1" 200 13458 "http://localhost:8001/" "Mozilla/5.0 (Windows NT 10.0; Win64; x64; rv:79.0) Gecko/20100101 Firefox/79.0"
192.168.80.1 - - [18/Aug/2020:10:01:16 +0000] "GET / HTTP/1.1" 200 6921 "-" "Mozilla/5.0 (Windows NT 10.0; Win64; x64; rv:79.0) Gecko/20100101 Firefox/79.0"
192.168.80.1 - - [18/Aug/2020:10:01:22 +0000] "GET /js/functions.js HTTP/1.1" 200 617 "http://localhost:8001/" "Mozilla/5.0 (Windows NT 10.0; Win64; x64; rv:79.0) Gecko/20100101 Firefox/79.0"
192.168.80.1 - - [18/Aug/2020:10:01:22 +0000] "GET /css/template.css HTTP/1.1" 200 1486 "http://localhost:8001/" "Mozilla/5.0 (Windows NT 10.0; Win64; x64; rv:79.0) Gecko/20100101 Firefox/79.0"
192.168.80.1 - - [18/Aug/2020:10:02:47 +0000] "POST /noticias/datos?page=1 HTTP/1.1" 200 10500 "http://localhost:8001/" "Mozilla/5.0 (Windows NT 10.0; Win64; x64; rv:79.0) Gecko/20100101 Firefox/79.0"
192.168.80.1 - - [18/Aug/2020:10:02:50 +0000] "POST /noticias/datos?page=8 HTTP/1.1" 200 13670 "http://localhost:8001/" "Mozilla/5.0 (Windows NT 10.0; Win64; x64; rv:79.0) Gecko/20100101 Firefox/79.0"
192.168.80.1 - - [18/Aug/2020:10:03:10 +0000] "POST /noticias/markread HTTP/1.1" 200 1160 "http://localhost:8001/" "Mozilla/5.0 (Windows NT 10.0; Win64; x64; rv:79.0) Gecko/20100101 Firefox/79.0"
192.168.80.1 - - [18/Aug/2020:10:04:55 +0000] "POST /noticias/datos?page=7 HTTP/1.1" 200 15142 "http://localhost:8001/" "Mozilla/5.0 (Windows NT 10.0; Win64; x64; rv:79.0) Gecko/20100101 Firefox/79.0"
192.168.80.1 - - [18/Aug/2020:10:05:03 +0000] "POST /noticias/markread HTTP/1.1" 200 1162 "http://localhost:8001/" "Mozilla/5.0 (Windows NT 10.0; Win64; x64; rv:79.0) Gecko/20100101 Firefox/79.0"
192.168.80.1 - - [18/Aug/2020:10:05:06 +0000] "POST /noticias/datos?page=6 HTTP/1.1" 200 10180 "http://localhost:8001/" "Mozilla/5.0 (Windows NT 10.0; Win64; x64; rv:79.0) Gecko/20100101 Firefox/79.0"
192.168.80.1 - - [18/Aug/2020:10:05:51 +0000] "POST /noticias/markread HTTP/1.1" 200 1160 "http://localhost:8001/" "Mozilla/5.0 (Windows NT 10.0; Win64; x64; rv:79.0) Gecko/20100101 Firefox/79.0"
192.168.80.1 - - [18/Aug/2020:10:06:46 +0000] "POST /noticias/datos?page=5 HTTP/1.1" 200 8052 "http://localhost:8001/" "Mozilla/5.0 (Windows NT 10.0; Win64; x64; rv:79.0) Gecko/20100101 Firefox/79.0"
192.168.80.1 - - [18/Aug/2020:10:07:08 +0000] "POST /noticias/markread HTTP/1.1" 200 1160 "http://localhost:8001/" "Mozilla/5.0 (Windows NT 10.0; Win64; x64; rv:79.0) Gecko/20100101 Firefox/79.0"
192.168.80.1 - - [18/Aug/2020:10:07:15 +0000] "POST /noticias/datos?page=4 HTTP/1.1" 200 10513 "http://localhost:8001/" "Mozilla/5.0 (Windows NT 10.0; Win64; x64; rv:79.0) Gecko/20100101 Firefox/79.0"
192.168.80.1 - - [18/Aug/2020:10:08:21 +0000] "POST /noticias/markread HTTP/1.1" 200 1158 "http://localhost:8001/" "Mozilla/5.0 (Windows NT 10.0; Win64; x64; rv:79.0) Gecko/20100101 Firefox/79.0"
192.168.80.1 - - [18/Aug/2020:10:08:23 +0000] "POST /noticias/datos?page=3 HTTP/1.1" 200 9485 "http://localhost:8001/" "Mozilla/5.0 (Windows NT 10.0; Win64; x64; rv:79.0) Gecko/20100101 Firefox/79.0"
192.168.80.1 - - [18/Aug/2020:10:08:40 +0000] "POST /noticias/markread HTTP/1.1" 200 1156 "http://localhost:8001/" "Mozilla/5.0 (Windows NT 10.0; Win64; x64; rv:79.0) Gecko/20100101 Firefox/79.0"
192.168.80.1 - - [18/Aug/2020:10:08:42 +0000] "POST /noticias/datos?page=2 HTTP/1.1" 200 9369 "http://localhost:8001/" "Mozilla/5.0 (Windows NT 10.0; Win64; x64; rv:79.0) Gecko/20100101 Firefox/79.0"
192.168.80.1 - - [18/Aug/2020:10:09:20 +0000] "POST /noticias/markread HTTP/1.1" 200 1162 "http://localhost:8001/" "Mozilla/5.0 (Windows NT 10.0; Win64; x64; rv:79.0) Gecko/20100101 Firefox/79.0"
192.168.80.1 - - [18/Aug/2020:10:09:23 +0000] "POST /noticias/datos?page=1 HTTP/1.1" 200 8011 "http://localhost:8001/" "Mozilla/5.0 (Windows NT 10.0; Win64; x64; rv:79.0) Gecko/20100101 Firefox/79.0"
192.168.80.1 - - [18/Aug/2020:10:09:34 +0000] "POST /noticias/markread HTTP/1.1" 200 1162 "http://localhost:8001/" "Mozilla/5.0 (Windows NT 10.0; Win64; x64; rv:79.0) Gecko/20100101 Firefox/79.0"
192.168.80.1 - - [18/Aug/2020:10:09:40 +0000] "POST /noticias/datos?page= HTTP/1.1" 200 1416 "http://localhost:8001/" "Mozilla/5.0 (Windows NT 10.0; Win64; x64; rv:79.0) Gecko/20100101 Firefox/79.0"
192.168.80.1 - - [18/Aug/2020:10:09:44 +0000] "POST /noticias/datos?page= HTTP/1.1" 200 13051 "http://localhost:8001/" "Mozilla/5.0 (Windows NT 10.0; Win64; x64; rv:79.0) Gecko/20100101 Firefox/79.0"
192.168.80.1 - - [18/Aug/2020:10:09:51 +0000] "POST /noticias/datos?page=15 HTTP/1.1" 200 10359 "http://localhost:8001/" "Mozilla/5.0 (Windows NT 10.0; Win64; x64; rv:79.0) Gecko/20100101 Firefox/79.0"
192.168.80.1 - - [18/Aug/2020:10:10:10 +0000] "POST /noticias/markread HTTP/1.1" 200 1150 "http://localhost:8001/" "Mozilla/5.0 (Windows NT 10.0; Win64; x64; rv:79.0) Gecko/20100101 Firefox/79.0"
192.168.80.1 - - [18/Aug/2020:10:10:11 +0000] "POST /noticias/datos?page=14 HTTP/1.1" 200 11586 "http://localhost:8001/" "Mozilla/5.0 (Windows NT 10.0; Win64; x64; rv:79.0) Gecko/20100101 Firefox/79.0"
192.168.80.1 - - [18/Aug/2020:10:10:22 +0000] "POST /noticias/markread HTTP/1.1" 200 1166 "http://localhost:8001/" "Mozilla/5.0 (Windows NT 10.0; Win64; x64; rv:79.0) Gecko/20100101 Firefox/79.0"
192.168.80.1 - - [18/Aug/2020:10:10:24 +0000] "POST /noticias/datos?page=13 HTTP/1.1" 200 10942 "http://localhost:8001/" "Mozilla/5.0 (Windows NT 10.0; Win64; x64; rv:79.0) Gecko/20100101 Firefox/79.0"
192.168.80.1 - - [18/Aug/2020:10:11:14 +0000] "POST /noticias/markread HTTP/1.1" 200 1168 "http://localhost:8001/" "Mozilla/5.0 (Windows NT 10.0; Win64; x64; rv:79.0) Gecko/20100101 Firefox/79.0"
192.168.80.1 - - [18/Aug/2020:10:11:16 +0000] "POST /noticias/datos?page=12 HTTP/1.1" 200 10937 "http://localhost:8001/" "Mozilla/5.0 (Windows NT 10.0; Win64; x64; rv:79.0) Gecko/20100101 Firefox/79.0"
192.168.80.1 - - [18/Aug/2020:10:11:27 +0000] "POST /noticias/markread HTTP/1.1" 200 1160 "http://localhost:8001/" "Mozilla/5.0 (Windows NT 10.0; Win64; x64; rv:79.0) Gecko/20100101 Firefox/79.0"
192.168.80.1 - - [18/Aug/2020:10:11:32 +0000] "POST /noticias/datos?page=11 HTTP/1.1" 200 10557 "http://localhost:8001/" "Mozilla/5.0 (Windows NT 10.0; Win64; x64; rv:79.0) Gecko/20100101 Firefox/79.0"
192.168.80.1 - - [18/Aug/2020:10:12:02 +0000] "POST /noticias/markread HTTP/1.1" 200 1162 "http://localhost:8001/" "Mozilla/5.0 (Windows NT 10.0; Win64; x64; rv:79.0) Gecko/20100101 Firefox/79.0"
192.168.80.1 - - [18/Aug/2020:10:12:03 +0000] "POST /noticias/datos?page=10 HTTP/1.1" 200 9910 "http://localhost:8001/" "Mozilla/5.0 (Windows NT 10.0; Win64; x64; rv:79.0) Gecko/20100101 Firefox/79.0"
192.168.80.1 - - [18/Aug/2020:10:12:06 +0000] "POST /noticias/markread HTTP/1.1" 200 1161 "http://localhost:8001/" "Mozilla/5.0 (Windows NT 10.0; Win64; x64; rv:79.0) Gecko/20100101 Firefox/79.0"
192.168.80.1 - - [18/Aug/2020:10:12:07 +0000] "POST /noticias/datos?page=9 HTTP/1.1" 200 9144 "http://localhost:8001/" "Mozilla/5.0 (Windows NT 10.0; Win64; x64; rv:79.0) Gecko/20100101 Firefox/79.0"
192.168.80.1 - - [18/Aug/2020:10:12:13 +0000] "POST /noticias/markread HTTP/1.1" 200 1155 "http://localhost:8001/" "Mozilla/5.0 (Windows NT 10.0; Win64; x64; rv:79.0) Gecko/20100101 Firefox/79.0"
192.168.80.1 - - [18/Aug/2020:10:12:14 +0000] "POST /noticias/datos?page=8 HTTP/1.1" 200 8997 "http://localhost:8001/" "Mozilla/5.0 (Windows NT 10.0; Win64; x64; rv:79.0) Gecko/20100101 Firefox/79.0"
192.168.80.1 - - [18/Aug/2020:10:12:17 +0000] "POST /noticias/markread HTTP/1.1" 200 1157 "http://localhost:8001/" "Mozilla/5.0 (Windows NT 10.0; Win64; x64; rv:79.0) Gecko/20100101 Firefox/79.0"
192.168.80.1 - - [18/Aug/2020:10:12:56 +0000] "POST /noticias/datos?page=7 HTTP/1.1" 200 9159 "http://localhost:8001/" "Mozilla/5.0 (Windows NT 10.0; Win64; x64; rv:79.0) Gecko/20100101 Firefox/79.0"
192.168.80.1 - - [18/Aug/2020:10:17:14 +0000] "POST /noticias/markread HTTP/1.1" 200 1164 "http://localhost:8001/" "Mozilla/5.0 (Windows NT 10.0; Win64; x64; rv:79.0) Gecko/20100101 Firefox/79.0"
192.168.80.1 - - [18/Aug/2020:10:17:16 +0000] "POST /noticias/datos?page=6 HTTP/1.1" 200 9237 "http://localhost:8001/" "Mozilla/5.0 (Windows NT 10.0; Win64; x64; rv:79.0) Gecko/20100101 Firefox/79.0"
