192.168.80.1 - - [18/Aug/2020:10:17:25 +0000] "POST /noticias/markread HTTP/1.1" 200 1164 "http://localhost:8001/" "Mozilla/5.0 (Windows NT 10.0; Win64; x64; rv:79.0) Gecko/20100101 Firefox/79.0"
192.168.80.1 - - [18/Aug/2020:10:17:27 +0000] "POST /noticias/datos?page=5 HTTP/1.1" 200 9321 "http://localhost:8001/" "Mozilla/5.0 (Windows NT 10.0; Win64; x64; rv:79.0) Gecko/20100101 Firefox/79.0"
192.168.80.1 - - [18/Aug/2020:10:19:11 +0000] "POST /noticias/markread HTTP/1.1" 200 1164 "http://localhost:8001/" "Mozilla/5.0 (Windows NT 10.0; Win64; x64; rv:79.0) Gecko/20100101 Firefox/79.0"
192.168.80.1 - - [18/Aug/2020:10:19:12 +0000] "POST /noticias/datos?page=4 HTTP/1.1" 200 9716 "http://localhost:8001/" "Mozilla/5.0 (Windows NT 10.0; Win64; x64; rv:79.0) Gecko/20100101 Firefox/79.0"
192.168.80.1 - - [18/Aug/2020:10:20:15 +0000] "POST /noticias/markread HTTP/1.1" 200 1158 "http://localhost:8001/" "Mozilla/5.0 (Windows NT 10.0; Win64; x64; rv:79.0) Gecko/20100101 Firefox/79.0"
192.168.80.1 - - [18/Aug/2020:10:20:18 +0000] "POST /noticias/datos?page=3 HTTP/1.1" 200 9802 "http://localhost:8001/" "Mozilla/5.0 (Windows NT 10.0; Win64; x64; rv:79.0) Gecko/20100101 Firefox/79.0"
192.168.80.1 - - [18/Aug/2020:10:20:34 +0000] "POST /noticias/markread HTTP/1.1" 200 1162 "http://localhost:8001/" "Mozilla/5.0 (Windows NT 10.0; Win64; x64; rv:79.0) Gecko/20100101 Firefox/79.0"
192.168.80.1 - - [18/Aug/2020:10:20:38 +0000] "POST /noticias/datos?page=2 HTTP/1.1" 200 8749 "http://localhost:8001/" "Mozilla/5.0 (Windows NT 10.0; Win64; x64; rv:79.0) Gecko/20100101 Firefox/79.0"
192.168.80.6 - - [18/Aug/2020:10:20:39 +0000] "GET /_nuxt/runtime.js HTTP/1.0" 404 1927 "http://localhost:8080/" "Mozilla/5.0 (Windows NT 10.0; Win64; x64; rv:79.0) Gecko/20100101 Firefox/79.0"
192.168.80.6 - - [18/Aug/2020:10:20:39 +0000] "GET /_nuxt/pages/index.js HTTP/1.0" 404 1927 "http://localhost:8080/" "Mozilla/5.0 (Windows NT 10.0; Win64; x64; rv:79.0) Gecko/20100101 Firefox/79.0"
192.168.80.6 - - [18/Aug/2020:10:20:39 +0000] "GET /__webpack_hmr/client HTTP/1.0" 404 1927 "http://localhost:8080/" "Mozilla/5.0 (Windows NT 10.0; Win64; x64; rv:79.0) Gecko/20100101 Firefox/79.0"
192.168.80.6 - - [18/Aug/2020:10:20:39 +0000] "GET /_loading/sse HTTP/1.0" 404 1927 "http://localhost:8080/" "Mozilla/5.0 (Windows NT 10.0; Win64; x64; rv:79.0) Gecko/20100101 Firefox/79.0"
192.168.80.6 - - [18/Aug/2020:10:20:43 +0000] "GET /api/noticias HTTP/1.0" 200 1086 "http://localhost:8080/" "Mozilla/5.0 (Windows NT 10.0; Win64; x64; rv:79.0) Gecko/20100101 Firefox/79.0"
192.168.80.1 - - [18/Aug/2020:10:20:51 +0000] "POST /noticias/markread HTTP/1.1" 200 1160 "http://localhost:8001/" "Mozilla/5.0 (Windows NT 10.0; Win64; x64; rv:79.0) Gecko/20100101 Firefox/79.0"
192.168.80.1 - - [18/Aug/2020:10:20:53 +0000] "POST /noticias/datos?page=1 HTTP/1.1" 200 9808 "http://localhost:8001/" "Mozilla/5.0 (Windows NT 10.0; Win64; x64; rv:79.0) Gecko/20100101 Firefox/79.0"
192.168.80.1 - - [18/Aug/2020:10:21:00 +0000] "POST /noticias/markread HTTP/1.1" 200 1160 "http://localhost:8001/" "Mozilla/5.0 (Windows NT 10.0; Win64; x64; rv:79.0) Gecko/20100101 Firefox/79.0"
192.168.80.6 - - [18/Aug/2020:10:21:10 +0000] "GET /__webpack_hmr/client HTTP/1.0" 404 1927 "http://localhost:8080/" "Mozilla/5.0 (Windows NT 10.0; Win64; x64; rv:79.0) Gecko/20100101 Firefox/79.0"
192.168.80.1 - - [18/Aug/2020:10:21:11 +0000] "POST /noticias/datos?page= HTTP/1.1" 200 14196 "http://localhost:8001/" "Mozilla/5.0 (Windows NT 10.0; Win64; x64; rv:79.0) Gecko/20100101 Firefox/79.0"
192.168.80.6 - - [18/Aug/2020:10:21:40 +0000] "GET /__webpack_hmr/client HTTP/1.0" 404 1927 "http://localhost:8080/" "Mozilla/5.0 (Windows NT 10.0; Win64; x64; rv:79.0) Gecko/20100101 Firefox/79.0"
192.168.80.1 - - [18/Aug/2020:10:22:08 +0000] "POST /noticias/datos?page=17 HTTP/1.1" 200 5332 "http://localhost:8001/" "Mozilla/5.0 (Windows NT 10.0; Win64; x64; rv:79.0) Gecko/20100101 Firefox/79.0"
192.168.80.6 - - [18/Aug/2020:10:22:11 +0000] "GET /__webpack_hmr/client HTTP/1.0" 404 1927 "http://localhost:8080/" "Mozilla/5.0 (Windows NT 10.0; Win64; x64; rv:79.0) Gecko/20100101 Firefox/79.0"
192.168.80.1 - - [18/Aug/2020:10:22:11 +0000] "POST /noticias/gettags HTTP/1.1" 200 1079 "http://localhost:8001/" "Mozilla/5.0 (Windows NT 10.0; Win64; x64; rv:79.0) Gecko/20100101 Firefox/79.0"
192.168.80.1 - - [18/Aug/2020:10:22:13 +0000] "POST /noticias/markread HTTP/1.1" 200 1088 "http://localhost:8001/" "Mozilla/5.0 (Windows NT 10.0; Win64; x64; rv:79.0) Gecko/20100101 Firefox/79.0"
192.168.80.1 - - [18/Aug/2020:10:22:14 +0000] "POST /noticias/datos?page=16 HTTP/1.1" 200 9989 "http://localhost:8001/" "Mozilla/5.0 (Windows NT 10.0; Win64; x64; rv:79.0) Gecko/20100101 Firefox/79.0"
192.168.80.1 - - [18/Aug/2020:10:22:23 +0000] "POST /noticias/markread HTTP/1.1" 200 1172 "http://localhost:8001/" "Mozilla/5.0 (Windows NT 10.0; Win64; x64; rv:79.0) Gecko/20100101 Firefox/79.0"
192.168.80.1 - - [18/Aug/2020:10:22:24 +0000] "POST /noticias/datos?page=15 HTTP/1.1" 200 11266 "http://localhost:8001/" "Mozilla/5.0 (Windows NT 10.0; Win64; x64; rv:79.0) Gecko/20100101 Firefox/79.0"
192.168.80.1 - - [18/Aug/2020:10:22:31 +0000] "POST /noticias/markread HTTP/1.1" 200 1166 "http://localhost:8001/" "Mozilla/5.0 (Windows NT 10.0; Win64; x64; rv:79.0) Gecko/20100101 Firefox/79.0"
192.168.80.1 - - [18/Aug/2020:10:22:34 +0000] "POST /noticias/datos?page=14 HTTP/1.1" 200 12282 "http://localhost:8001/" "Mozilla/5.0 (Windows NT 10.0; Win64; x64; rv:79.0) Gecko/20100101 Firefox/79.0"
192.168.80.6 - - [18/Aug/2020:10:22:41 +0000] "GET /__webpack_hmr/client HTTP/1.0" 404 1927 "http://localhost:8080/" "Mozilla/5.0 (Windows NT 10.0; Win64; x64; rv:79.0) Gecko/20100101 Firefox/79.0"
192.168.80.1 - - [18/Aug/2020:10:22:44 +0000] "POST /noticias/markread HTTP/1.1" 200 1164 "http://localhost:8001/" "Mozilla/5.0 (Windows NT 10.0; Win64; x64; rv:79.0) Gecko/20100101 Firefox/79.0"
192.168.80.1 - - [18/Aug/2020:10:22:47 +0000] "POST /noticias/datos?page=13 HTTP/1.1" 200 11546 "http://localhost:8001/" "Mozilla/5.0 (Windows NT 10.0; Win64; x64; rv:79.0) Gecko/20100101 Firefox/79.0"
192.168.80.6 - - [18/Aug/2020:10:23:11 +0000] "GET /__webpack_hmr/client HTTP/1.0" 404 1927 "http://localhost:8080/" "Mozilla/5.0 (Windows NT 10.0; Win64; x64; rv:79.0) Gecko/20100101 Firefox/79.0"
192.168.80.1 - - [18/Aug/2020:10:23:11 +0000] "POST /noticias/markread HTTP/1.1" 200 1168 "http://localhost:8001/" "Mozilla/5.0 (Windows NT 10.0; Win64; x64; rv:79.0) Gecko/20100101 Firefox/79.0"
192.168.80.1 - - [18/Aug/2020:10:23:14 +0000] "POST /noticias/datos?page=12 HTTP/1.1" 200 11526 "http://localhost:8001/" "Mozilla/5.0 (Windows NT 10.0; Win64; x64; rv:79.0) Gecko/20100101 Firefox/79.0"
192.168.80.1 - - [18/Aug/2020:10:23:26 +0000] "POST /noticias/markread HTTP/1.1" 200 1166 "http://localhost:8001/" "Mozilla/5.0 (Windows NT 10.0; Win64; x64; rv:79.0) Gecko/20100101 Firefox/79.0"
192.168.80.1 - - [18/Aug/2020:10:23:28 +0000] "POST /noticias/datos?page=11 HTTP/1.1" 200 10722 "http://localhost:8001/" "Mozilla/5.0 (Windows NT 10.0; Win64; x64; rv:79.0) Gecko/20100101 Firefox/79.0"
192.168.80.1 - - [18/Aug/2020:10:23:40 +0000] "POST /noticias/markread HTTP/1.1" 200 1162 "http://localhost:8001/" "Mozilla/5.0 (Windows NT 10.0; Win64; x64; rv:79.0) Gecko/20100101 Firefox/79.0"
192.168.80.6 - - [18/Aug/2020:10:23:42 +0000] "GET /__webpack_hmr/client HTTP/1.0" 404 1927 "http://localhost:8080/" "Mozilla/5.0 (Windows NT 10.0; Win64; x64; rv:79.0) Gecko/20100101 Firefox/79.0"
192.168.80.1 - - [18/Aug/2020:10:23:42 +0000] "POST /noticias/datos?page=10 HTTP/1.1" 200 9344 "http://localhost:8001/" "Mozilla/5.0 (Windows NT 10.0; Win64; x64; rv:79.0) Gecko/20100101 Firefox/79.0"
192.168.80.1 - - [18/Aug/2020:10:23:47 +0000] "POST /noticias/markread HTTP/1.1" 200 1159 "http://localhost:8001/" "Mozilla/5.0 (Windows NT 10.0; Win64; x64; rv:79.0) Gecko/20100101 Firefox/79.0"
192.168.80.1 - - [18/Aug/2020:10:23:57 +0000] "POST /noticias/datos?page=9 HTTP/1.1" 200 8536 "http://localhost:8001/" "Mozilla/5.0 (Windows NT 10.0; Win64; x64; rv:79.0) Gecko/20100101 Firefox/79.0"
192.168.80.1 - - [18/Aug/2020:10:24:02 +0000] "POST /noticias/markread HTTP/1.1" 200 1161 "http://localhost:8001/" "Mozilla/5.0 (Windows NT 10.0; Win64; x64; rv:79.0) Gecko/20100101 Firefox/79.0"
192.168.80.1 - - [18/Aug/2020:10:24:03 +0000] "POST /noticias/datos?page=8 HTTP/1.1" 200 9007 "http://localhost:8001/" "Mozilla/5.0 (Windows NT 10.0; Win64; x64; rv:79.0) Gecko/20100101 Firefox/79.0"
192.168.80.6 - - [18/Aug/2020:10:24:12 +0000] "GET /__webpack_hmr/client HTTP/1.0" 404 1927 "http://localhost:8080/" "Mozilla/5.0 (Windows NT 10.0; Win64; x64; rv:79.0) Gecko/20100101 Firefox/79.0"
192.168.80.6 - - [18/Aug/2020:10:24:42 +0000] "GET /__webpack_hmr/client HTTP/1.0" 404 1927 "http://localhost:8080/" "Mozilla/5.0 (Windows NT 10.0; Win64; x64; rv:79.0) Gecko/20100101 Firefox/79.0"
192.168.80.6 - - [18/Aug/2020:10:25:13 +0000] "GET /__webpack_hmr/client HTTP/1.0" 404 1927 "http://localhost:8080/" "Mozilla/5.0 (Windows NT 10.0; Win64; x64; rv:79.0) Gecko/20100101 Firefox/79.0"
192.168.80.6 - - [18/Aug/2020:10:25:43 +0000] "GET /__webpack_hmr/client HTTP/1.0" 404 1927 "http://localhost:8080/" "Mozilla/5.0 (Windows NT 10.0; Win64; x64; rv:79.0) Gecko/20100101 Firefox/79.0"
192.168.80.6 - - [18/Aug/2020:10:26:13 +0000] "GET /__webpack_hmr/client HTTP/1.0" 404 1927 "http://localhost:8080/" "Mozilla/5.0 (Windows NT 10.0; Win64; x64; rv:79.0) Gecko/20100101 Firefox/79.0"
192.168.80.1 - - [18/Aug/2020:10:26:25 +0000] "POST /noticias/markread HTTP/1.1" 200 1158 "http://localhost:8001/" "Mozilla/5.0 (Windows NT 10.0; Win64; x64; rv:79.0) Gecko/20100101 Firefox/79.0"
192.168.80.1 - - [18/Aug/2020:10:26:27 +0000] "POST /noticias/datos?page=7 HTTP/1.1" 200 8664 "http://localhost:8001/" "Mozilla/5.0 (Windows NT 10.0; Win64; x64; rv:79.0) Gecko/20100101 Firefox/79.0"
192.168.80.6 - - [18/Aug/2020:10:26:44 +0000] "GET /__webpack_hmr/client HTTP/1.0" 404 1927 "http://localhost:8080/" "Mozilla/5.0 (Windows NT 10.0; Win64; x64; rv:79.0) Gecko/20100101 Firefox/79.0"
192.168.80.6 - - [18/Aug/2020:10:27:14 +0000] "GET /__webpack_hmr/client HTTP/1.0" 404 1927 "http://localhost:8080/" "Mozilla/5.0 (Windows NT 10.0; Win64; x64; rv:79.0) Gecko/20100101 Firefox/79.0"
192.168.80.1 - - [18/Aug/2020:10:27:28 +0000] "POST /noticias/markread HTTP/1.1" 200 1166 "http://localhost:8001/" "Mozilla/5.0 (Windows NT 10.0; Win64; x64; rv:79.0) Gecko/20100101 Firefox/79.0"
192.168.80.1 - - [18/Aug/2020:10:27:30 +0000] "POST /noticias/datos?page=6 HTTP/1.1" 200 8821 "http://localhost:8001/" "Mozilla/5.0 (Windows NT 10.0; Win64; x64; rv:79.0) Gecko/20100101 Firefox/79.0"
192.168.80.6 - - [18/Aug/2020:10:27:45 +0000] "GET /__webpack_hmr/client HTTP/1.0" 404 1927 "http://localhost:8080/" "Mozilla/5.0 (Windows NT 10.0; Win64; x64; rv:79.0) Gecko/20100101 Firefox/79.0"
192.168.80.6 - - [18/Aug/2020:10:28:15 +0000] "GET /__webpack_hmr/client HTTP/1.0" 404 1927 "http://localhost:8080/" "Mozilla/5.0 (Windows NT 10.0; Win64; x64; rv:79.0) Gecko/20100101 Firefox/79.0"
192.168.80.1 - - [18/Aug/2020:10:28:39 +0000] "POST /noticias/markread HTTP/1.1" 200 1166 "http://localhost:8001/" "Mozilla/5.0 (Windows NT 10.0; Win64; x64; rv:79.0) Gecko/20100101 Firefox/79.0"
192.168.80.1 - - [18/Aug/2020:10:28:41 +0000] "POST /noticias/datos?page=5 HTTP/1.1" 200 8612 "http://localhost:8001/" "Mozilla/5.0 (Windows NT 10.0; Win64; x64; rv:79.0) Gecko/20100101 Firefox/79.0"
192.168.80.6 - - [18/Aug/2020:10:28:45 +0000] "GET /__webpack_hmr/client HTTP/1.0" 404 1927 "http://localhost:8080/" "Mozilla/5.0 (Windows NT 10.0; Win64; x64; rv:79.0) Gecko/20100101 Firefox/79.0"
192.168.80.6 - - [18/Aug/2020:10:29:16 +0000] "GET /__webpack_hmr/client HTTP/1.0" 404 1927 "http://localhost:8080/" "Mozilla/5.0 (Windows NT 10.0; Win64; x64; rv:79.0) Gecko/20100101 Firefox/79.0"
192.168.80.6 - - [18/Aug/2020:10:29:46 +0000] "GET /__webpack_hmr/client HTTP/1.0" 404 1927 "http://localhost:8080/" "Mozilla/5.0 (Windows NT 10.0; Win64; x64; rv:79.0) Gecko/20100101 Firefox/79.0"
192.168.80.6 - - [18/Aug/2020:10:30:16 +0000] "GET /__webpack_hmr/client HTTP/1.0" 404 1927 "http://localhost:8080/" "Mozilla/5.0 (Windows NT 10.0; Win64; x64; rv:79.0) Gecko/20100101 Firefox/79.0"
192.168.80.6 - - [18/Aug/2020:10:30:47 +0000] "GET /__webpack_hmr/client HTTP/1.0" 404 1927 "http://localhost:8080/" "Mozilla/5.0 (Windows NT 10.0; Win64; x64; rv:79.0) Gecko/20100101 Firefox/79.0"
192.168.80.6 - - [18/Aug/2020:10:31:17 +0000] "GET /__webpack_hmr/client HTTP/1.0" 404 1927 "http://localhost:8080/" "Mozilla/5.0 (Windows NT 10.0; Win64; x64; rv:79.0) Gecko/20100101 Firefox/79.0"
192.168.80.6 - - [18/Aug/2020:10:31:47 +0000] "GET /__webpack_hmr/client HTTP/1.0" 404 1927 "http://localhost:8080/" "Mozilla/5.0 (Windows NT 10.0; Win64; x64; rv:79.0) Gecko/20100101 Firefox/79.0"
192.168.80.6 - - [18/Aug/2020:10:32:18 +0000] "GET /__webpack_hmr/client HTTP/1.0" 404 1927 "http://localhost:8080/" "Mozilla/5.0 (Windows NT 10.0; Win64; x64; rv:79.0) Gecko/20100101 Firefox/79.0"
192.168.80.6 - - [18/Aug/2020:10:32:48 +0000] "GET /__webpack_hmr/client HTTP/1.0" 404 1927 "http://localhost:8080/" "Mozilla/5.0 (Windows NT 10.0; Win64; x64; rv:79.0) Gecko/20100101 Firefox/79.0"
192.168.80.6 - - [18/Aug/2020:10:33:18 +0000] "GET /__webpack_hmr/client HTTP/1.0" 404 1927 "http://localhost:8080/" "Mozilla/5.0 (Windows NT 10.0; Win64; x64; rv:79.0) Gecko/20100101 Firefox/79.0"
192.168.80.6 - - [18/Aug/2020:10:33:49 +0000] "GET /__webpack_hmr/client HTTP/1.0" 404 1927 "http://localhost:8080/" "Mozilla/5.0 (Windows NT 10.0; Win64; x64; rv:79.0) Gecko/20100101 Firefox/79.0"
192.168.80.1 - - [18/Aug/2020:10:34:09 +0000] "POST /noticias/markread HTTP/1.1" 200 1162 "http://localhost:8001/" "Mozilla/5.0 (Windows NT 10.0; Win64; x64; rv:79.0) Gecko/20100101 Firefox/79.0"
192.168.80.1 - - [18/Aug/2020:10:34:10 +0000] "POST /noticias/datos?page=4 HTTP/1.1" 200 9762 "http://localhost:8001/" "Mozilla/5.0 (Windows NT 10.0; Win64; x64; rv:79.0) Gecko/20100101 Firefox/79.0"
192.168.80.6 - - [18/Aug/2020:10:34:19 +0000] "GET /__webpack_hmr/client HTTP/1.0" 404 1927 "http://localhost:8080/" "Mozilla/5.0 (Windows NT 10.0; Win64; x64; rv:79.0) Gecko/20100101 Firefox/79.0"
192.168.80.6 - - [18/Aug/2020:10:34:50 +0000] "GET /__webpack_hmr/client HTTP/1.0" 404 1927 "http://localhost:8080/" "Mozilla/5.0 (Windows NT 10.0; Win64; x64; rv:79.0) Gecko/20100101 Firefox/79.0"
192.168.80.1 - - [18/Aug/2020:10:34:51 +0000] "POST /noticias/markread HTTP/1.1" 200 1158 "http://localhost:8001/" "Mozilla/5.0 (Windows NT 10.0; Win64; x64; rv:79.0) Gecko/20100101 Firefox/79.0"
192.168.80.1 - - [18/Aug/2020:10:34:53 +0000] "POST /noticias/datos?page=3 HTTP/1.1" 200 9885 "http://localhost:8001/" "Mozilla/5.0 (Windows NT 10.0; Win64; x64; rv:79.0) Gecko/20100101 Firefox/79.0"
192.168.80.6 - - [18/Aug/2020:10:35:20 +0000] "GET /__webpack_hmr/client HTTP/1.0" 404 1927 "http://localhost:8080/" "Mozilla/5.0 (Windows NT 10.0; Win64; x64; rv:79.0) Gecko/20100101 Firefox/79.0"
192.168.80.1 - - [18/Aug/2020:10:35:27 +0000] "POST /noticias/markread HTTP/1.1" 200 1166 "http://localhost:8001/" "Mozilla/5.0 (Windows NT 10.0; Win64; x64; rv:79.0) Gecko/20100101 Firefox/79.0"
192.168.80.1 - - [18/Aug/2020:10:35:29 +0000] "POST /noticias/datos?page=2 HTTP/1.1" 200 7612 "http://localhost:8001/" "Mozilla/5.0 (Windows NT 10.0; Win64; x64; rv:79.0) Gecko/20100101 Firefox/79.0"
192.168.80.6 - - [18/Aug/2020:10:35:50 +0000] "GET /__webpack_hmr/client HTTP/1.0" 404 1927 "http://localhost:8080/" "Mozilla/5.0 (Windows NT 10.0; Win64; x64; rv:79.0) Gecko/20100101 Firefox/79.0"
192.168.80.6 - - [18/Aug/2020:10:36:21 +0000] "GET /__webpack_hmr/client HTTP/1.0" 404 1927 "http://localhost:8080/" "Mozilla/5.0 (Windows NT 10.0; Win64; x64; rv:79.0) Gecko/20100101 Firefox/79.0"
192.168.80.6 - - [18/Aug/2020:10:36:51 +0000] "GET /__webpack_hmr/client HTTP/1.0" 404 1927 "http://localhost:8080/" "Mozilla/5.0 (Windows NT 10.0; Win64; x64; rv:79.0) Gecko/20100101 Firefox/79.0"
192.168.80.1 - - [18/Aug/2020:10:37:19 +0000] "POST /noticias/markread HTTP/1.1" 200 1164 "http://localhost:8001/" "Mozilla/5.0 (Windows NT 10.0; Win64; x64; rv:79.0) Gecko/20100101 Firefox/79.0"
192.168.80.1 - - [18/Aug/2020:10:37:20 +0000] "POST /noticias/datos?page=1 HTTP/1.1" 200 10964 "http://localhost:8001/" "Mozilla/5.0 (Windows NT 10.0; Win64; x64; rv:79.0) Gecko/20100101 Firefox/79.0"
192.168.80.6 - - [18/Aug/2020:10:37:21 +0000] "GET /__webpack_hmr/client HTTP/1.0" 404 1927 "http://localhost:8080/" "Mozilla/5.0 (Windows NT 10.0; Win64; x64; rv:79.0) Gecko/20100101 Firefox/79.0"
192.168.80.1 - - [18/Aug/2020:10:37:39 +0000] "POST /noticias/markread HTTP/1.1" 200 1166 "http://localhost:8001/" "Mozilla/5.0 (Windows NT 10.0; Win64; x64; rv:79.0) Gecko/20100101 Firefox/79.0"
192.168.80.1 - - [18/Aug/2020:10:37:45 +0000] "POST /noticias/datos?page= HTTP/1.1" 200 1416 "http://localhost:8001/" "Mozilla/5.0 (Windows NT 10.0; Win64; x64; rv:79.0) Gecko/20100101 Firefox/79.0"
192.168.80.6 - - [18/Aug/2020:10:37:52 +0000] "GET /__webpack_hmr/client HTTP/1.0" 404 1927 "http://localhost:8080/" "Mozilla/5.0 (Windows NT 10.0; Win64; x64; rv:79.0) Gecko/20100101 Firefox/79.0"
192.168.80.6 - - [18/Aug/2020:10:38:22 +0000] "GET /__webpack_hmr/client HTTP/1.0" 404 1927 "http://localhost:8080/" "Mozilla/5.0 (Windows NT 10.0; Win64; x64; rv:79.0) Gecko/20100101 Firefox/79.0"
192.168.80.6 - - [18/Aug/2020:10:38:52 +0000] "GET /__webpack_hmr/client HTTP/1.0" 404 1927 "http://localhost:8080/" "Mozilla/5.0 (Windows NT 10.0; Win64; x64; rv:79.0) Gecko/20100101 Firefox/79.0"
192.168.80.6 - - [18/Aug/2020:10:39:23 +0000] "GET /__webpack_hmr/client HTTP/1.0" 404 1927 "http://localhost:8080/" "Mozilla/5.0 (Windows NT 10.0; Win64; x64; rv:79.0) Gecko/20100101 Firefox/79.0"
192.168.80.6 - - [18/Aug/2020:10:39:53 +0000] "GET /__webpack_hmr/client HTTP/1.0" 404 1927 "http://localhost:8080/" "Mozilla/5.0 (Windows NT 10.0; Win64; x64; rv:79.0) Gecko/20100101 Firefox/79.0"
192.168.80.6 - - [18/Aug/2020:10:40:23 +0000] "GET /__webpack_hmr/client HTTP/1.0" 404 1927 "http://localhost:8080/" "Mozilla/5.0 (Windows NT 10.0; Win64; x64; rv:79.0) Gecko/20100101 Firefox/79.0"
192.168.80.6 - - [18/Aug/2020:10:40:54 +0000] "GET /__webpack_hmr/client HTTP/1.0" 404 1927 "http://localhost:8080/" "Mozilla/5.0 (Windows NT 10.0; Win64; x64; rv:79.0) Gecko/20100101 Firefox/79.0"
192.168.80.6 - - [18/Aug/2020:10:41:24 +0000] "GET /__webpack_hmr/client HTTP/1.0" 404 1927 "http://localhost:8080/" "Mozilla/5.0 (Windows NT 10.0; Win64; x64; rv:79.0) Gecko/20100101 Firefox/79.0"
192.168.80.6 - - [18/Aug/2020:10:41:55 +0000] "GET /__webpack_hmr/client HTTP/1.0" 404 1927 "http://localhost:8080/" "Mozilla/5.0 (Windows NT 10.0; Win64; x64; rv:79.0) Gecko/20100101 Firefox/79.0"
192.168.80.6 - - [18/Aug/2020:10:42:25 +0000] "GET /__webpack_hmr/client HTTP/1.0" 404 1927 "http://localhost:8080/" "Mozilla/5.0 (Windows NT 10.0; Win64; x64; rv:79.0) Gecko/20100101 Firefox/79.0"
192.168.80.6 - - [18/Aug/2020:10:42:55 +0000] "GET /__webpack_hmr/client HTTP/1.0" 404 1927 "http://localhost:8080/" "Mozilla/5.0 (Windows NT 10.0; Win64; x64; rv:79.0) Gecko/20100101 Firefox/79.0"
192.168.80.6 - - [18/Aug/2020:10:43:26 +0000] "GET /__webpack_hmr/client HTTP/1.0" 404 1927 "http://localhost:8080/" "Mozilla/5.0 (Windows NT 10.0; Win64; x64; rv:79.0) Gecko/20100101 Firefox/79.0"
192.168.80.6 - - [18/Aug/2020:10:43:56 +0000] "GET /__webpack_hmr/client HTTP/1.0" 404 1927 "http://localhost:8080/" "Mozilla/5.0 (Windows NT 10.0; Win64; x64; rv:79.0) Gecko/20100101 Firefox/79.0"
192.168.80.6 - - [18/Aug/2020:10:44:26 +0000] "GET /__webpack_hmr/client HTTP/1.0" 404 1927 "http://localhost:8080/" "Mozilla/5.0 (Windows NT 10.0; Win64; x64; rv:79.0) Gecko/20100101 Firefox/79.0"
192.168.80.6 - - [18/Aug/2020:10:44:57 +0000] "GET /__webpack_hmr/client HTTP/1.0" 404 1927 "http://localhost:8080/" "Mozilla/5.0 (Windows NT 10.0; Win64; x64; rv:79.0) Gecko/20100101 Firefox/79.0"
192.168.80.6 - - [18/Aug/2020:10:45:27 +0000] "GET /__webpack_hmr/client HTTP/1.0" 404 1927 "http://localhost:8080/" "Mozilla/5.0 (Windows NT 10.0; Win64; x64; rv:79.0) Gecko/20100101 Firefox/79.0"
192.168.80.6 - - [18/Aug/2020:10:45:57 +0000] "GET /__webpack_hmr/client HTTP/1.0" 404 1927 "http://localhost:8080/" "Mozilla/5.0 (Windows NT 10.0; Win64; x64; rv:79.0) Gecko/20100101 Firefox/79.0"
192.168.80.6 - - [18/Aug/2020:10:46:28 +0000] "GET /__webpack_hmr/client HTTP/1.0" 404 1927 "http://localhost:8080/" "Mozilla/5.0 (Windows NT 10.0; Win64; x64; rv:79.0) Gecko/20100101 Firefox/79.0"
192.168.80.6 - - [18/Aug/2020:10:46:58 +0000] "GET /__webpack_hmr/client HTTP/1.0" 404 1927 "http://localhost:8080/" "Mozilla/5.0 (Windows NT 10.0; Win64; x64; rv:79.0) Gecko/20100101 Firefox/79.0"
192.168.80.6 - - [18/Aug/2020:10:47:28 +0000] "GET /__webpack_hmr/client HTTP/1.0" 404 1927 "http://localhost:8080/" "Mozilla/5.0 (Windows NT 10.0; Win64; x64; rv:79.0) Gecko/20100101 Firefox/79.0"
192.168.80.6 - - [18/Aug/2020:10:47:59 +0000] "GET /__webpack_hmr/client HTTP/1.0" 404 1927 "http://localhost:8080/" "Mozilla/5.0 (Windows NT 10.0; Win64; x64; rv:79.0) Gecko/20100101 Firefox/79.0"
192.168.80.6 - - [18/Aug/2020:10:48:29 +0000] "GET /__webpack_hmr/client HTTP/1.0" 404 1927 "http://localhost:8080/" "Mozilla/5.0 (Windows NT 10.0; Win64; x64; rv:79.0) Gecko/20100101 Firefox/79.0"
192.168.80.6 - - [18/Aug/2020:10:48:59 +0000] "GET /__webpack_hmr/client HTTP/1.0" 404 1927 "http://localhost:8080/" "Mozilla/5.0 (Windows NT 10.0; Win64; x64; rv:79.0) Gecko/20100101 Firefox/79.0"
192.168.80.1 - - [19/Aug/2020:09:06:39 +0000] "GET / HTTP/1.1" 200 7254 "-" "Mozilla/5.0 (Windows NT 10.0; Win64; x64; rv:79.0) Gecko/20100101 Firefox/79.0"
192.168.80.1 - - [19/Aug/2020:09:06:45 +0000] "GET /css/template.css HTTP/1.1" 200 1485 "http://localhost:8001/" "Mozilla/5.0 (Windows NT 10.0; Win64; x64; rv:79.0) Gecko/20100101 Firefox/79.0"
192.168.80.1 - - [19/Aug/2020:09:07:01 +0000] "POST /noticias/datos?page=1 HTTP/1.1" 200 11427 "http://localhost:8001/" "Mozilla/5.0 (Windows NT 10.0; Win64; x64; rv:79.0) Gecko/20100101 Firefox/79.0"
192.168.80.1 - - [19/Aug/2020:09:07:04 +0000] "POST /noticias/datos?page=14 HTTP/1.1" 200 12395 "http://localhost:8001/" "Mozilla/5.0 (Windows NT 10.0; Win64; x64; rv:79.0) Gecko/20100101 Firefox/79.0"
192.168.80.1 - - [19/Aug/2020:09:07:11 +0000] "POST /noticias/datos?page=13 HTTP/1.1" 200 12614 "http://localhost:8001/" "Mozilla/5.0 (Windows NT 10.0; Win64; x64; rv:79.0) Gecko/20100101 Firefox/79.0"
192.168.80.1 - - [19/Aug/2020:09:07:14 +0000] "POST /noticias/datos?page=9 HTTP/1.1" 200 9955 "http://localhost:8001/" "Mozilla/5.0 (Windows NT 10.0; Win64; x64; rv:79.0) Gecko/20100101 Firefox/79.0"
192.168.80.1 - - [19/Aug/2020:09:07:22 +0000] "POST /noticias/datos?page=9 HTTP/1.1" 200 10410 "http://localhost:8001/" "Mozilla/5.0 (Windows NT 10.0; Win64; x64; rv:79.0) Gecko/20100101 Firefox/79.0"
192.168.80.1 - - [19/Aug/2020:09:07:23 +0000] "POST /noticias/datos?page=9 HTTP/1.1" 200 10405 "http://localhost:8001/" "Mozilla/5.0 (Windows NT 10.0; Win64; x64; rv:79.0) Gecko/20100101 Firefox/79.0"
192.168.80.1 - - [19/Aug/2020:09:07:25 +0000] "POST /noticias/datos?page=29 HTTP/1.1" 200 10050 "http://localhost:8001/" "Mozilla/5.0 (Windows NT 10.0; Win64; x64; rv:79.0) Gecko/20100101 Firefox/79.0"
192.168.80.1 - - [19/Aug/2020:09:07:33 +0000] "POST /noticias/datos?page=28 HTTP/1.1" 200 10746 "http://localhost:8001/" "Mozilla/5.0 (Windows NT 10.0; Win64; x64; rv:79.0) Gecko/20100101 Firefox/79.0"
192.168.80.1 - - [19/Aug/2020:09:07:39 +0000] "POST /noticias/datos?page=28 HTTP/1.1" 200 4904 "http://localhost:8001/" "Mozilla/5.0 (Windows NT 10.0; Win64; x64; rv:79.0) Gecko/20100101 Firefox/79.0"
192.168.80.1 - - [19/Aug/2020:09:07:44 +0000] "POST /noticias/datos?page=1 HTTP/1.1" 200 11426 "http://localhost:8001/" "Mozilla/5.0 (Windows NT 10.0; Win64; x64; rv:79.0) Gecko/20100101 Firefox/79.0"
192.168.80.1 - - [19/Aug/2020:09:07:46 +0000] "POST /noticias/datos?page=14 HTTP/1.1" 200 12395 "http://localhost:8001/" "Mozilla/5.0 (Windows NT 10.0; Win64; x64; rv:79.0) Gecko/20100101 Firefox/79.0"
192.168.80.1 - - [19/Aug/2020:09:08:11 +0000] "POST /noticias/markread HTTP/1.1" 200 1152 "http://localhost:8001/" "Mozilla/5.0 (Windows NT 10.0; Win64; x64; rv:79.0) Gecko/20100101 Firefox/79.0"
192.168.80.1 - - [19/Aug/2020:09:09:15 +0000] "POST /noticias/datos?page=13 HTTP/1.1" 200 12558 "http://localhost:8001/" "Mozilla/5.0 (Windows NT 10.0; Win64; x64; rv:79.0) Gecko/20100101 Firefox/79.0"
192.168.80.1 - - [19/Aug/2020:09:09:30 +0000] "POST /noticias/markread HTTP/1.1" 200 1162 "http://localhost:8001/" "Mozilla/5.0 (Windows NT 10.0; Win64; x64; rv:79.0) Gecko/20100101 Firefox/79.0"
192.168.80.1 - - [19/Aug/2020:09:12:43 +0000] "POST /noticias/datos?page=12 HTTP/1.1" 200 11524 "http://localhost:8001/" "Mozilla/5.0 (Windows NT 10.0; Win64; x64; rv:79.0) Gecko/20100101 Firefox/79.0"
192.168.80.1 - - [19/Aug/2020:09:12:56 +0000] "POST /noticias/markread HTTP/1.1" 200 1160 "http://localhost:8001/" "Mozilla/5.0 (Windows NT 10.0; Win64; x64; rv:79.0) Gecko/20100101 Firefox/79.0"
192.168.80.1 - - [19/Aug/2020:09:12:57 +0000] "POST /noticias/datos?page=11 HTTP/1.1" 200 10990 "http://localhost:8001/" "Mozilla/5.0 (Windows NT 10.0; Win64; x64; rv:79.0) Gecko/20100101 Firefox/79.0"
192.168.80.1 - - [19/Aug/2020:09:13:09 +0000] "POST /noticias/markread HTTP/1.1" 200 1160 "http://localhost:8001/" "Mozilla/5.0 (Windows NT 10.0; Win64; x64; rv:79.0) Gecko/20100101 Firefox/79.0"
192.168.80.1 - - [19/Aug/2020:09:13:11 +0000] "POST /noticias/datos?page=10 HTTP/1.1" 200 10992 "http://localhost:8001/" "Mozilla/5.0 (Windows NT 10.0; Win64; x64; rv:79.0) Gecko/20100101 Firefox/79.0"
192.168.80.1 - - [19/Aug/2020:09:14:38 +0000] "POST /noticias/markread HTTP/1.1" 200 1164 "http://localhost:8001/" "Mozilla/5.0 (Windows NT 10.0; Win64; x64; rv:79.0) Gecko/20100101 Firefox/79.0"
192.168.80.1 - - [19/Aug/2020:09:14:39 +0000] "POST /noticias/datos?page=9 HTTP/1.1" 200 9117 "http://localhost:8001/" "Mozilla/5.0 (Windows NT 10.0; Win64; x64; rv:79.0) Gecko/20100101 Firefox/79.0"
192.168.80.1 - - [19/Aug/2020:09:15:13 +0000] "POST /noticias/markread HTTP/1.1" 200 1168 "http://localhost:8001/" "Mozilla/5.0 (Windows NT 10.0; Win64; x64; rv:79.0) Gecko/20100101 Firefox/79.0"
192.168.80.1 - - [19/Aug/2020:09:15:15 +0000] "POST /noticias/datos?page=8 HTTP/1.1" 200 8629 "http://localhost:8001/" "Mozilla/5.0 (Windows NT 10.0; Win64; x64; rv:79.0) Gecko/20100101 Firefox/79.0"
192.168.80.1 - - [19/Aug/2020:09:15:19 +0000] "POST /noticias/markread HTTP/1.1" 200 1159 "http://localhost:8001/" "Mozilla/5.0 (Windows NT 10.0; Win64; x64; rv:79.0) Gecko/20100101 Firefox/79.0"
192.168.80.1 - - [19/Aug/2020:09:15:20 +0000] "POST /noticias/datos?page=7 HTTP/1.1" 200 9124 "http://localhost:8001/" "Mozilla/5.0 (Windows NT 10.0; Win64; x64; rv:79.0) Gecko/20100101 Firefox/79.0"
192.168.80.1 - - [19/Aug/2020:09:15:22 +0000] "POST /noticias/markread HTTP/1.1" 200 1167 "http://localhost:8001/" "Mozilla/5.0 (Windows NT 10.0; Win64; x64; rv:79.0) Gecko/20100101 Firefox/79.0"
192.168.80.1 - - [19/Aug/2020:09:15:23 +0000] "POST /noticias/datos?page=6 HTTP/1.1" 200 9903 "http://localhost:8001/" "Mozilla/5.0 (Windows NT 10.0; Win64; x64; rv:79.0) Gecko/20100101 Firefox/79.0"
192.168.80.1 - - [19/Aug/2020:09:15:26 +0000] "POST /noticias/markread HTTP/1.1" 200 1159 "http://localhost:8001/" "Mozilla/5.0 (Windows NT 10.0; Win64; x64; rv:79.0) Gecko/20100101 Firefox/79.0"
192.168.80.1 - - [19/Aug/2020:09:15:33 +0000] "POST /noticias/datos?page=5 HTTP/1.1" 200 9229 "http://localhost:8001/" "Mozilla/5.0 (Windows NT 10.0; Win64; x64; rv:79.0) Gecko/20100101 Firefox/79.0"
192.168.80.1 - - [19/Aug/2020:09:15:53 +0000] "POST /noticias/markread HTTP/1.1" 200 1160 "http://localhost:8001/" "Mozilla/5.0 (Windows NT 10.0; Win64; x64; rv:79.0) Gecko/20100101 Firefox/79.0"
192.168.80.1 - - [19/Aug/2020:09:15:55 +0000] "POST /noticias/datos?page=4 HTTP/1.1" 200 10125 "http://localhost:8001/" "Mozilla/5.0 (Windows NT 10.0; Win64; x64; rv:79.0) Gecko/20100101 Firefox/79.0"
192.168.80.1 - - [19/Aug/2020:09:17:07 +0000] "POST /noticias/markread HTTP/1.1" 200 1162 "http://localhost:8001/" "Mozilla/5.0 (Windows NT 10.0; Win64; x64; rv:79.0) Gecko/20100101 Firefox/79.0"
192.168.80.1 - - [19/Aug/2020:09:17:09 +0000] "POST /noticias/datos?page=3 HTTP/1.1" 200 10297 "http://localhost:8001/" "Mozilla/5.0 (Windows NT 10.0; Win64; x64; rv:79.0) Gecko/20100101 Firefox/79.0"
192.168.80.1 - - [19/Aug/2020:09:17:26 +0000] "POST /noticias/markread HTTP/1.1" 200 1160 "http://localhost:8001/" "Mozilla/5.0 (Windows NT 10.0; Win64; x64; rv:79.0) Gecko/20100101 Firefox/79.0"
192.168.80.1 - - [19/Aug/2020:09:17:29 +0000] "POST /noticias/datos?page=2 HTTP/1.1" 200 8418 "http://localhost:8001/" "Mozilla/5.0 (Windows NT 10.0; Win64; x64; rv:79.0) Gecko/20100101 Firefox/79.0"
192.168.80.1 - - [19/Aug/2020:09:17:32 +0000] "POST /noticias/markread HTTP/1.1" 200 1159 "http://localhost:8001/" "Mozilla/5.0 (Windows NT 10.0; Win64; x64; rv:79.0) Gecko/20100101 Firefox/79.0"
192.168.80.1 - - [19/Aug/2020:09:17:43 +0000] "POST /noticias/datos?page=1 HTTP/1.1" 200 8171 "http://localhost:8001/" "Mozilla/5.0 (Windows NT 10.0; Win64; x64; rv:79.0) Gecko/20100101 Firefox/79.0"
192.168.80.1 - - [19/Aug/2020:09:17:52 +0000] "POST /noticias/markread HTTP/1.1" 200 1160 "http://localhost:8001/" "Mozilla/5.0 (Windows NT 10.0; Win64; x64; rv:79.0) Gecko/20100101 Firefox/79.0"
192.168.80.7 - - [19/Aug/2020:16:52:36 +0000] "GET / HTTP/1.0" 200 7239 "-" "Mozilla/5.0 (Windows NT 10.0; Win64; x64; rv:80.0) Gecko/20100101 Firefox/80.0"
192.168.80.7 - - [19/Aug/2020:16:52:41 +0000] "GET /favicon.ico HTTP/1.0" 200 370477 "-" "Mozilla/5.0 (Windows NT 10.0; Win64; x64; rv:80.0) Gecko/20100101 Firefox/80.0"
192.168.80.1 - - [19/Aug/2020:16:52:46 +0000] "GET / HTTP/1.1" 200 7243 "-" "Mozilla/5.0 (Windows NT 10.0; Win64; x64; rv:80.0) Gecko/20100101 Firefox/80.0"
192.168.80.1 - - [19/Aug/2020:16:52:47 +0000] "GET /js/functions.js HTTP/1.1" 200 617 "http://localhost:8001/" "Mozilla/5.0 (Windows NT 10.0; Win64; x64; rv:80.0) Gecko/20100101 Firefox/80.0"
192.168.80.1 - - [19/Aug/2020:16:52:47 +0000] "GET /css/template.css HTTP/1.1" 200 1486 "http://localhost:8001/" "Mozilla/5.0 (Windows NT 10.0; Win64; x64; rv:80.0) Gecko/20100101 Firefox/80.0"
192.168.80.1 - - [19/Aug/2020:16:52:47 +0000] "GET /favicon.ico HTTP/1.1" 200 370513 "-" "Mozilla/5.0 (Windows NT 10.0; Win64; x64; rv:80.0) Gecko/20100101 Firefox/80.0"
192.168.80.1 - - [19/Aug/2020:16:53:23 +0000] "GET /api/noticias HTTP/1.1" 200 1095 "-" "Mozilla/5.0 (Windows NT 10.0; Win64; x64; rv:80.0) Gecko/20100101 Firefox/80.0"
192.168.80.4 - - [19/Aug/2020:16:53:34 +0000] "GET /api/noticias HTTP/1.1" 200 1044 "-" "axios/0.19.2"
192.168.80.4 - - [19/Aug/2020:16:54:04 +0000] "GET /api/noticias HTTP/1.1" 200 1048 "-" "axios/0.19.2"
192.168.80.4 - - [19/Aug/2020:16:54:33 +0000] "GET /api/noticias HTTP/1.1" 200 1048 "-" "axios/0.19.2"
192.168.80.1 - - [19/Aug/2020:16:57:44 +0000] "GET /api/noticias/ HTTP/1.1" 301 697 "http://localhost:3000/" "Mozilla/5.0 (Windows NT 10.0; Win64; x64; rv:80.0) Gecko/20100101 Firefox/80.0"
192.168.80.1 - - [19/Aug/2020:16:58:24 +0000] "GET /api/noticias HTTP/1.1" 200 1099 "-" "Mozilla/5.0 (Windows NT 10.0; Win64; x64; rv:80.0) Gecko/20100101 Firefox/80.0"
192.168.80.1 - - [19/Aug/2020:16:59:27 +0000] "GET /api/noticias/ HTTP/1.1" 301 697 "http://localhost:3000/" "Mozilla/5.0 (Windows NT 10.0; Win64; x64; rv:80.0) Gecko/20100101 Firefox/80.0"
192.168.80.1 - - [19/Aug/2020:16:59:34 +0000] "GET /api/noticias HTTP/1.1" 500 559049 "-" "Mozilla/5.0 (Windows NT 10.0; Win64; x64; rv:80.0) Gecko/20100101 Firefox/80.0"
192.168.80.1 - - [19/Aug/2020:17:00:11 +0000] "GET /api/noticias HTTP/1.1" 500 1111823 "-" "Mozilla/5.0 (Windows NT 10.0; Win64; x64; rv:80.0) Gecko/20100101 Firefox/80.0"
192.168.80.1 - - [19/Aug/2020:17:00:29 +0000] "GET /api/noticias HTTP/1.1" 500 1113380 "-" "Mozilla/5.0 (Windows NT 10.0; Win64; x64; rv:80.0) Gecko/20100101 Firefox/80.0"
192.168.80.1 - - [19/Aug/2020:17:01:34 +0000] "GET /api/noticias HTTP/1.1" 200 1236 "-" "Mozilla/5.0 (Windows NT 10.0; Win64; x64; rv:80.0) Gecko/20100101 Firefox/80.0"
192.168.80.1 - - [19/Aug/2020:17:01:38 +0000] "GET /api/noticias/ HTTP/1.1" 301 697 "http://localhost:3000/" "Mozilla/5.0 (Windows NT 10.0; Win64; x64; rv:80.0) Gecko/20100101 Firefox/80.0"
192.168.80.1 - - [19/Aug/2020:17:02:33 +0000] "GET /api/noticias/ HTTP/1.1" 301 697 "http://localhost:3000/" "Mozilla/5.0 (Windows NT 10.0; Win64; x64; rv:80.0) Gecko/20100101 Firefox/80.0"
192.168.80.1 - - [19/Aug/2020:17:02:38 +0000] "GET /api/noticias/ HTTP/1.1" 301 696 "http://localhost:3000/" "Mozilla/5.0 (Windows NT 10.0; Win64; x64; rv:80.0) Gecko/20100101 Firefox/80.0"
192.168.80.1 - - [19/Aug/2020:17:02:38 +0000] "GET /api/noticias HTTP/1.1" 200 1229 "http://localhost:3000/" "Mozilla/5.0 (Windows NT 10.0; Win64; x64; rv:80.0) Gecko/20100101 Firefox/80.0"
192.168.80.1 - - [19/Aug/2020:17:03:00 +0000] "GET /api/noticias/ HTTP/1.1" 301 697 "http://localhost:3000/" "Mozilla/5.0 (Windows NT 10.0; Win64; x64; rv:80.0) Gecko/20100101 Firefox/80.0"
192.168.80.1 - - [19/Aug/2020:17:03:42 +0000] "GET /api/noticias/ HTTP/1.1" 301 697 "http://localhost:3000/" "Mozilla/5.0 (Windows NT 10.0; Win64; x64; rv:80.0) Gecko/20100101 Firefox/80.0"
192.168.80.1 - - [19/Aug/2020:17:04:41 +0000] "GET /api/noticias HTTP/1.1" 200 1240 "-" "Mozilla/5.0 (Windows NT 10.0; Win64; x64; rv:80.0) Gecko/20100101 Firefox/80.0"
192.168.80.1 - - [19/Aug/2020:17:04:45 +0000] "GET /api/noticias/ HTTP/1.1" 301 697 "http://localhost:3000/" "Mozilla/5.0 (Windows NT 10.0; Win64; x64; rv:80.0) Gecko/20100101 Firefox/80.0"
192.168.80.1 - - [19/Aug/2020:17:05:09 +0000] "GET /api/noticias/ HTTP/1.1" 301 697 "http://localhost:3000/" "Mozilla/5.0 (Windows NT 10.0; Win64; x64; rv:80.0) Gecko/20100101 Firefox/80.0"
192.168.80.1 - - [19/Aug/2020:17:05:11 +0000] "GET /api/noticias/ HTTP/1.1" 301 696 "http://localhost:3000/" "Mozilla/5.0 (Windows NT 10.0; Win64; x64; rv:80.0) Gecko/20100101 Firefox/80.0"
192.168.80.1 - - [19/Aug/2020:17:05:32 +0000] "GET /api/noticias/ HTTP/1.1" 301 697 "http://localhost:3000/" "Mozilla/5.0 (Windows NT 10.0; Win64; x64; rv:80.0) Gecko/20100101 Firefox/80.0"
192.168.80.1 - - [19/Aug/2020:17:06:17 +0000] "GET /api/noticias/ HTTP/1.1" 301 697 "http://localhost:3000/" "Mozilla/5.0 (Windows NT 10.0; Win64; x64; rv:80.0) Gecko/20100101 Firefox/80.0"
192.168.80.1 - - [19/Aug/2020:17:08:43 +0000] "GET /api/noticias/ HTTP/1.1" 301 697 "http://localhost:3000/" "Mozilla/5.0 (Windows NT 10.0; Win64; x64; rv:80.0) Gecko/20100101 Firefox/80.0"
192.168.80.1 - - [19/Aug/2020:17:08:45 +0000] "GET /api/noticias/ HTTP/1.1" 301 696 "http://localhost:3000/" "Mozilla/5.0 (Windows NT 10.0; Win64; x64; rv:80.0) Gecko/20100101 Firefox/80.0"
192.168.80.1 - - [19/Aug/2020:17:09:40 +0000] "GET /api/noticias HTTP/1.1" 200 1236 "-" "Mozilla/5.0 (Windows NT 10.0; Win64; x64; rv:80.0) Gecko/20100101 Firefox/80.0"
192.168.80.1 - - [19/Aug/2020:17:09:41 +0000] "GET /favicon.ico HTTP/1.1" 200 370513 "-" "Mozilla/5.0 (Windows NT 10.0; Win64; x64; rv:80.0) Gecko/20100101 Firefox/80.0"
192.168.80.1 - - [19/Aug/2020:17:09:41 +0000] "GET /api/noticias HTTP/1.1" 200 1234 "-" "Mozilla/5.0 (Windows NT 10.0; Win64; x64; rv:80.0) Gecko/20100101 Firefox/80.0"
192.168.80.1 - - [19/Aug/2020:17:09:58 +0000] "GET /api/noticias HTTP/1.1" 500 589307 "-" "Mozilla/5.0 (Windows NT 10.0; Win64; x64; rv:80.0) Gecko/20100101 Firefox/80.0"
192.168.80.1 - - [19/Aug/2020:17:09:59 +0000] "GET /_ignition/health-check HTTP/1.1" 200 424 "http://localhost:8001/api/noticias" "Mozilla/5.0 (Windows NT 10.0; Win64; x64; rv:80.0) Gecko/20100101 Firefox/80.0"
192.168.80.1 - - [19/Aug/2020:17:10:06 +0000] "GET /api/noticias HTTP/1.1" 200 1250 "-" "Mozilla/5.0 (Windows NT 10.0; Win64; x64; rv:80.0) Gecko/20100101 Firefox/80.0"
192.168.80.1 - - [19/Aug/2020:17:11:08 +0000] "GET /api/noticias/ HTTP/1.1" 301 697 "http://localhost:3000/" "Mozilla/5.0 (Windows NT 10.0; Win64; x64; rv:80.0) Gecko/20100101 Firefox/80.0"
192.168.80.1 - - [19/Aug/2020:17:11:08 +0000] "GET /api/noticias HTTP/1.1" 200 1237 "http://localhost:3000/" "Mozilla/5.0 (Windows NT 10.0; Win64; x64; rv:80.0) Gecko/20100101 Firefox/80.0"
192.168.80.1 - - [19/Aug/2020:17:11:54 +0000] "GET /api/noticias/ HTTP/1.1" 301 697 "http://localhost:3000/" "Mozilla/5.0 (Windows NT 10.0; Win64; x64; rv:80.0) Gecko/20100101 Firefox/80.0"
192.168.80.1 - - [19/Aug/2020:17:11:54 +0000] "GET /api/noticias HTTP/1.1" 200 1241 "http://localhost:3000/" "Mozilla/5.0 (Windows NT 10.0; Win64; x64; rv:80.0) Gecko/20100101 Firefox/80.0"
192.168.80.1 - - [19/Aug/2020:17:11:55 +0000] "GET /api/noticias HTTP/1.1" 200 1250 "-" "Mozilla/5.0 (Windows NT 10.0; Win64; x64; rv:80.0) Gecko/20100101 Firefox/80.0"
192.168.80.1 - - [19/Aug/2020:17:11:56 +0000] "GET /favicon.ico HTTP/1.1" 200 370513 "-" "Mozilla/5.0 (Windows NT 10.0; Win64; x64; rv:80.0) Gecko/20100101 Firefox/80.0"
192.168.80.1 - - [19/Aug/2020:17:15:05 +0000] "GET /api/noticias/ HTTP/1.1" 301 697 "http://localhost:3000/" "Mozilla/5.0 (Windows NT 10.0; Win64; x64; rv:80.0) Gecko/20100101 Firefox/80.0"
192.168.80.1 - - [19/Aug/2020:17:15:05 +0000] "GET /api/noticias HTTP/1.1" 200 1237 "http://localhost:3000/" "Mozilla/5.0 (Windows NT 10.0; Win64; x64; rv:80.0) Gecko/20100101 Firefox/80.0"
192.168.80.1 - - [19/Aug/2020:17:15:10 +0000] "GET /api/noticias/ HTTP/1.1" 301 696 "http://localhost:3000/" "Mozilla/5.0 (Windows NT 10.0; Win64; x64; rv:80.0) Gecko/20100101 Firefox/80.0"
192.168.80.1 - - [19/Aug/2020:17:15:34 +0000] "GET /api/noticias/ HTTP/1.1" 301 697 "http://localhost:3000/" "Mozilla/5.0 (Windows NT 10.0; Win64; x64; rv:80.0) Gecko/20100101 Firefox/80.0"
192.168.80.1 - - [19/Aug/2020:17:15:57 +0000] "GET /api/noticias/ HTTP/1.1" 301 697 "http://localhost:3000/" "Mozilla/5.0 (Windows NT 10.0; Win64; x64; rv:80.0) Gecko/20100101 Firefox/80.0"
192.168.80.1 - - [19/Aug/2020:17:16:49 +0000] "GET /api/noticias HTTP/1.1" 200 1097 "-" "Mozilla/5.0 (Windows NT 10.0; Win64; x64; rv:80.0) Gecko/20100101 Firefox/80.0"
192.168.80.1 - - [19/Aug/2020:17:16:49 +0000] "GET /favicon.ico HTTP/1.1" 200 370513 "-" "Mozilla/5.0 (Windows NT 10.0; Win64; x64; rv:80.0) Gecko/20100101 Firefox/80.0"
192.168.80.1 - - [19/Aug/2020:17:16:51 +0000] "GET /api/noticias HTTP/1.1" 200 1107 "-" "Mozilla/5.0 (Windows NT 10.0; Win64; x64; rv:80.0) Gecko/20100101 Firefox/80.0"
192.168.80.1 - - [19/Aug/2020:17:16:52 +0000] "GET /api/noticias HTTP/1.1" 200 1100 "-" "Mozilla/5.0 (Windows NT 10.0; Win64; x64; rv:80.0) Gecko/20100101 Firefox/80.0"
192.168.80.1 - - [19/Aug/2020:17:16:54 +0000] "GET /api/noticias/ HTTP/1.1" 301 697 "http://localhost:3000/" "Mozilla/5.0 (Windows NT 10.0; Win64; x64; rv:80.0) Gecko/20100101 Firefox/80.0"
192.168.80.1 - - [19/Aug/2020:17:17:01 +0000] "GET /api/noticias/ HTTP/1.1" 301 697 "http://localhost:3000/" "Mozilla/5.0 (Windows NT 10.0; Win64; x64; rv:80.0) Gecko/20100101 Firefox/80.0"
192.168.80.1 - - [19/Aug/2020:17:17:04 +0000] "GET /api/noticias/ HTTP/1.1" 301 696 "http://localhost:3000/" "Mozilla/5.0 (Windows NT 10.0; Win64; x64; rv:80.0) Gecko/20100101 Firefox/80.0"
192.168.80.1 - - [19/Aug/2020:17:17:05 +0000] "GET /api/noticias HTTP/1.1" 200 1094 "http://localhost:3000/" "Mozilla/5.0 (Windows NT 10.0; Win64; x64; rv:80.0) Gecko/20100101 Firefox/80.0"
192.168.80.1 - - [19/Aug/2020:17:18:48 +0000] "GET /api/noticias/ HTTP/1.1" 301 697 "http://localhost:3000/" "Mozilla/5.0 (Windows NT 10.0; Win64; x64; rv:80.0) Gecko/20100101 Firefox/80.0"
192.168.80.1 - - [19/Aug/2020:17:18:48 +0000] "GET /api/noticias HTTP/1.1" 200 1126 "http://localhost:3000/" "Mozilla/5.0 (Windows NT 10.0; Win64; x64; rv:80.0) Gecko/20100101 Firefox/80.0"
192.168.80.1 - - [19/Aug/2020:17:18:54 +0000] "GET /api/noticias/ HTTP/1.1" 301 697 "http://localhost:3000/" "Mozilla/5.0 (Windows NT 10.0; Win64; x64; rv:80.0) Gecko/20100101 Firefox/80.0"
192.168.80.1 - - [19/Aug/2020:17:19:17 +0000] "GET /api/noticias/ HTTP/1.1" 301 697 "http://localhost:3000/" "Mozilla/5.0 (Windows NT 10.0; Win64; x64; rv:80.0) Gecko/20100101 Firefox/80.0"
192.168.80.1 - - [19/Aug/2020:17:19:19 +0000] "GET /api/noticias/ HTTP/1.1" 301 696 "http://localhost:3000/" "Mozilla/5.0 (Windows NT 10.0; Win64; x64; rv:80.0) Gecko/20100101 Firefox/80.0"
192.168.80.1 - - [19/Aug/2020:17:19:24 +0000] "GET /api/noticias HTTP/1.1" 500 142132 "-" "Mozilla/5.0 (Windows NT 10.0; Win64; x64; rv:80.0) Gecko/20100101 Firefox/80.0"
192.168.80.1 - - [19/Aug/2020:17:19:40 +0000] "GET /api/noticias HTTP/1.1" 200 1135 "-" "Mozilla/5.0 (Windows NT 10.0; Win64; x64; rv:80.0) Gecko/20100101 Firefox/80.0"
192.168.80.1 - - [19/Aug/2020:17:19:40 +0000] "GET /favicon.ico HTTP/1.1" 200 370513 "-" "Mozilla/5.0 (Windows NT 10.0; Win64; x64; rv:80.0) Gecko/20100101 Firefox/80.0"
192.168.80.1 - - [19/Aug/2020:17:19:44 +0000] "GET /api/noticias/ HTTP/1.1" 301 697 "http://localhost:3000/" "Mozilla/5.0 (Windows NT 10.0; Win64; x64; rv:80.0) Gecko/20100101 Firefox/80.0"
192.168.80.1 - - [19/Aug/2020:17:20:25 +0000] "GET /api/noticias/ HTTP/1.1" 301 697 "http://localhost:3000/" "Mozilla/5.0 (Windows NT 10.0; Win64; x64; rv:80.0) Gecko/20100101 Firefox/80.0"
192.168.80.1 - - [19/Aug/2020:17:20:27 +0000] "GET /api/noticias/ HTTP/1.1" 301 696 "http://localhost:3000/" "Mozilla/5.0 (Windows NT 10.0; Win64; x64; rv:80.0) Gecko/20100101 Firefox/80.0"
192.168.80.1 - - [19/Aug/2020:17:20:55 +0000] "GET /api/noticias/ HTTP/1.1" 301 697 "http://localhost:3000/" "Mozilla/5.0 (Windows NT 10.0; Win64; x64; rv:80.0) Gecko/20100101 Firefox/80.0"
192.168.80.1 - - [20/Aug/2020:08:29:34 +0000] "GET / HTTP/1.1" 200 7115 "-" "Mozilla/5.0 (Windows NT 10.0; Win64; x64; rv:79.0) Gecko/20100101 Firefox/79.0"
192.168.80.1 - - [20/Aug/2020:08:29:35 +0000] "GET /js/functions.js HTTP/1.1" 200 617 "http://localhost:8001/" "Mozilla/5.0 (Windows NT 10.0; Win64; x64; rv:79.0) Gecko/20100101 Firefox/79.0"
192.168.80.1 - - [20/Aug/2020:08:29:35 +0000] "GET /css/template.css HTTP/1.1" 200 1485 "http://localhost:8001/" "Mozilla/5.0 (Windows NT 10.0; Win64; x64; rv:79.0) Gecko/20100101 Firefox/79.0"
192.168.80.1 - - [20/Aug/2020:08:29:43 +0000] "GET /analisis HTTP/1.1" 200 1712 "http://localhost:8001/" "Mozilla/5.0 (Windows NT 10.0; Win64; x64; rv:79.0) Gecko/20100101 Firefox/79.0"
192.168.80.1 - - [20/Aug/2020:08:29:43 +0000] "GET /css/app.css HTTP/1.1" 200 81678 "http://localhost:8001/analisis" "Mozilla/5.0 (Windows NT 10.0; Win64; x64; rv:79.0) Gecko/20100101 Firefox/79.0"
192.168.80.1 - - [20/Aug/2020:08:29:43 +0000] "GET /js/app.js HTTP/1.1" 200 579495 "http://localhost:8001/analisis" "Mozilla/5.0 (Windows NT 10.0; Win64; x64; rv:79.0) Gecko/20100101 Firefox/79.0"
192.168.80.1 - - [20/Aug/2020:08:29:44 +0000] "GET /analysis?page=1 HTTP/1.1" 200 4964 "http://localhost:8001/analisis" "Mozilla/5.0 (Windows NT 10.0; Win64; x64; rv:79.0) Gecko/20100101 Firefox/79.0"
192.168.80.1 - - [20/Aug/2020:08:29:47 +0000] "GET /analizadores HTTP/1.1" 200 1694 "http://localhost:8001/" "Mozilla/5.0 (Windows NT 10.0; Win64; x64; rv:79.0) Gecko/20100101 Firefox/79.0"
192.168.80.1 - - [20/Aug/2020:08:29:48 +0000] "GET /analizadores/ajax HTTP/1.1" 200 2176 "http://localhost:8001/analizadores" "Mozilla/5.0 (Windows NT 10.0; Win64; x64; rv:79.0) Gecko/20100101 Firefox/79.0"
192.168.80.1 - - [20/Aug/2020:08:29:59 +0000] "POST /analizadores/state HTTP/1.1" 200 1086 "http://localhost:8001/analizadores" "Mozilla/5.0 (Windows NT 10.0; Win64; x64; rv:79.0) Gecko/20100101 Firefox/79.0"
192.168.80.1 - - [20/Aug/2020:08:30:42 +0000] "POST /analizadores/state HTTP/1.1" 200 1084 "http://localhost:8001/analizadores" "Mozilla/5.0 (Windows NT 10.0; Win64; x64; rv:79.0) Gecko/20100101 Firefox/79.0"
192.168.80.1 - - [20/Aug/2020:08:30:46 +0000] "GET / HTTP/1.1" 200 7112 "-" "Mozilla/5.0 (Windows NT 10.0; Win64; x64; rv:79.0) Gecko/20100101 Firefox/79.0"
192.168.80.1 - - [20/Aug/2020:08:30:47 +0000] "GET /js/functions.js HTTP/1.1" 200 617 "http://localhost:8001/" "Mozilla/5.0 (Windows NT 10.0; Win64; x64; rv:79.0) Gecko/20100101 Firefox/79.0"
192.168.80.1 - - [20/Aug/2020:08:30:55 +0000] "POST /noticias/datos?page=1 HTTP/1.1" 200 11528 "http://localhost:8001/" "Mozilla/5.0 (Windows NT 10.0; Win64; x64; rv:79.0) Gecko/20100101 Firefox/79.0"
192.168.80.1 - - [20/Aug/2020:08:30:57 +0000] "POST /noticias/datos?page=15 HTTP/1.1" 200 6671 "http://localhost:8001/" "Mozilla/5.0 (Windows NT 10.0; Win64; x64; rv:79.0) Gecko/20100101 Firefox/79.0"
192.168.80.1 - - [20/Aug/2020:08:31:12 +0000] "POST /noticias/markread HTTP/1.1" 200 1092 "http://localhost:8001/" "Mozilla/5.0 (Windows NT 10.0; Win64; x64; rv:79.0) Gecko/20100101 Firefox/79.0"
192.168.80.1 - - [20/Aug/2020:08:31:13 +0000] "POST /noticias/datos?page=14 HTTP/1.1" 200 12831 "http://localhost:8001/" "Mozilla/5.0 (Windows NT 10.0; Win64; x64; rv:79.0) Gecko/20100101 Firefox/79.0"
192.168.80.1 - - [20/Aug/2020:08:31:20 +0000] "POST /noticias/datos?page=14 HTTP/1.1" 200 2628 "http://localhost:8001/" "Mozilla/5.0 (Windows NT 10.0; Win64; x64; rv:79.0) Gecko/20100101 Firefox/79.0"
192.168.80.1 - - [20/Aug/2020:08:31:22 +0000] "POST /noticias/datos?page=1 HTTP/1.1" 200 8398 "http://localhost:8001/" "Mozilla/5.0 (Windows NT 10.0; Win64; x64; rv:79.0) Gecko/20100101 Firefox/79.0"
192.168.80.1 - - [20/Aug/2020:08:31:25 +0000] "POST /noticias/datos?page=2 HTTP/1.1" 200 3174 "http://localhost:8001/" "Mozilla/5.0 (Windows NT 10.0; Win64; x64; rv:79.0) Gecko/20100101 Firefox/79.0"
192.168.80.1 - - [20/Aug/2020:08:31:29 +0000] "POST /noticias/markread HTTP/1.1" 200 1086 "http://localhost:8001/" "Mozilla/5.0 (Windows NT 10.0; Win64; x64; rv:79.0) Gecko/20100101 Firefox/79.0"
192.168.80.1 - - [20/Aug/2020:08:31:30 +0000] "POST /noticias/datos?page=1 HTTP/1.1" 200 7207 "http://localhost:8001/" "Mozilla/5.0 (Windows NT 10.0; Win64; x64; rv:79.0) Gecko/20100101 Firefox/79.0"
192.168.80.1 - - [20/Aug/2020:08:31:34 +0000] "POST /noticias/markread HTTP/1.1" 200 1161 "http://localhost:8001/" "Mozilla/5.0 (Windows NT 10.0; Win64; x64; rv:79.0) Gecko/20100101 Firefox/79.0"
192.168.80.1 - - [20/Aug/2020:08:31:39 +0000] "POST /noticias/datos?page= HTTP/1.1" 200 7585 "http://localhost:8001/" "Mozilla/5.0 (Windows NT 10.0; Win64; x64; rv:79.0) Gecko/20100101 Firefox/79.0"
192.168.80.1 - - [20/Aug/2020:08:31:41 +0000] "POST /noticias/datos?page=2 HTTP/1.1" 200 4215 "http://localhost:8001/" "Mozilla/5.0 (Windows NT 10.0; Win64; x64; rv:79.0) Gecko/20100101 Firefox/79.0"
192.168.80.1 - - [20/Aug/2020:08:31:45 +0000] "POST /noticias/markread HTTP/1.1" 200 1109 "http://localhost:8001/" "Mozilla/5.0 (Windows NT 10.0; Win64; x64; rv:79.0) Gecko/20100101 Firefox/79.0"
192.168.80.1 - - [20/Aug/2020:08:31:46 +0000] "POST /noticias/datos?page=1 HTTP/1.1" 200 6400 "http://localhost:8001/" "Mozilla/5.0 (Windows NT 10.0; Win64; x64; rv:79.0) Gecko/20100101 Firefox/79.0"
192.168.80.1 - - [20/Aug/2020:08:31:49 +0000] "POST /noticias/markread HTTP/1.1" 200 1163 "http://localhost:8001/" "Mozilla/5.0 (Windows NT 10.0; Win64; x64; rv:79.0) Gecko/20100101 Firefox/79.0"
192.168.80.1 - - [20/Aug/2020:08:31:55 +0000] "POST /noticias/datos?page= HTTP/1.1" 200 8574 "http://localhost:8001/" "Mozilla/5.0 (Windows NT 10.0; Win64; x64; rv:79.0) Gecko/20100101 Firefox/79.0"
192.168.80.1 - - [20/Aug/2020:08:31:59 +0000] "POST /noticias/datos?page=3 HTTP/1.1" 200 5314 "http://localhost:8001/" "Mozilla/5.0 (Windows NT 10.0; Win64; x64; rv:79.0) Gecko/20100101 Firefox/79.0"
192.168.80.1 - - [20/Aug/2020:08:32:04 +0000] "POST /noticias/markread HTTP/1.1" 200 1119 "http://localhost:8001/" "Mozilla/5.0 (Windows NT 10.0; Win64; x64; rv:79.0) Gecko/20100101 Firefox/79.0"
192.168.80.1 - - [20/Aug/2020:08:32:06 +0000] "POST /noticias/datos?page=2 HTTP/1.1" 200 8239 "http://localhost:8001/" "Mozilla/5.0 (Windows NT 10.0; Win64; x64; rv:79.0) Gecko/20100101 Firefox/79.0"
192.168.80.1 - - [20/Aug/2020:08:32:11 +0000] "POST /noticias/markread HTTP/1.1" 200 1163 "http://localhost:8001/" "Mozilla/5.0 (Windows NT 10.0; Win64; x64; rv:79.0) Gecko/20100101 Firefox/79.0"
192.168.80.1 - - [20/Aug/2020:08:32:15 +0000] "POST /noticias/datos?page=1 HTTP/1.1" 200 7170 "http://localhost:8001/" "Mozilla/5.0 (Windows NT 10.0; Win64; x64; rv:79.0) Gecko/20100101 Firefox/79.0"
192.168.80.1 - - [20/Aug/2020:08:32:18 +0000] "POST /noticias/markread HTTP/1.1" 200 1159 "http://localhost:8001/" "Mozilla/5.0 (Windows NT 10.0; Win64; x64; rv:79.0) Gecko/20100101 Firefox/79.0"
192.168.80.1 - - [20/Aug/2020:08:32:22 +0000] "POST /noticias/datos?page= HTTP/1.1" 200 9897 "http://localhost:8001/" "Mozilla/5.0 (Windows NT 10.0; Win64; x64; rv:79.0) Gecko/20100101 Firefox/79.0"
192.168.80.1 - - [20/Aug/2020:08:32:25 +0000] "POST /noticias/datos?page=4 HTTP/1.1" 200 6592 "http://localhost:8001/" "Mozilla/5.0 (Windows NT 10.0; Win64; x64; rv:79.0) Gecko/20100101 Firefox/79.0"
192.168.80.1 - - [20/Aug/2020:08:32:47 +0000] "POST /noticias/markread HTTP/1.1" 200 1130 "http://localhost:8001/" "Mozilla/5.0 (Windows NT 10.0; Win64; x64; rv:79.0) Gecko/20100101 Firefox/79.0"
192.168.80.1 - - [20/Aug/2020:08:32:48 +0000] "POST /noticias/datos?page=3 HTTP/1.1" 200 10184 "http://localhost:8001/" "Mozilla/5.0 (Windows NT 10.0; Win64; x64; rv:79.0) Gecko/20100101 Firefox/79.0"
192.168.80.1 - - [20/Aug/2020:08:33:13 +0000] "POST /noticias/markread HTTP/1.1" 200 1158 "http://localhost:8001/" "Mozilla/5.0 (Windows NT 10.0; Win64; x64; rv:79.0) Gecko/20100101 Firefox/79.0"
192.168.80.1 - - [20/Aug/2020:08:33:15 +0000] "POST /noticias/datos?page=2 HTTP/1.1" 200 8820 "http://localhost:8001/" "Mozilla/5.0 (Windows NT 10.0; Win64; x64; rv:79.0) Gecko/20100101 Firefox/79.0"
192.168.80.1 - - [20/Aug/2020:08:33:19 +0000] "POST /noticias/markread HTTP/1.1" 200 1163 "http://localhost:8001/" "Mozilla/5.0 (Windows NT 10.0; Win64; x64; rv:79.0) Gecko/20100101 Firefox/79.0"
